#
# There is insufficient memory for the Java Runtime Environment to continue.
# Native memory allocation (mmap) failed to map 88080384 bytes. Error detail: G1 virtual space
# Possible reasons:
#   The system is out of physical RAM or swap space
#   This process is running with CompressedOops enabled, and the Java Heap may be blocking the growth of the native heap
# Possible solutions:
#   Reduce memory load on the system
#   Increase physical memory or swap space
#   Check if swap backing store is full
#   Decrease Java heap size (-Xmx/-Xms)
#   Decrease number of Java threads
#   Decrease Java thread stack sizes (-Xss)
#   Set larger code cache with -XX:ReservedCodeCacheSize=
#   JVM is running with Unscaled Compressed Oops mode in which the Java heap is
#     placed in the first 4GB address space. The Java Heap base address is the
#     maximum limit for the native heap growth. Please use -XX:HeapBaseMinAddress
#     to set the Java Heap base and to place the Java Heap above 4GB virtual address.
# This output file may be truncated or incomplete.
#
#  Out of Memory Error (os_windows.cpp:3564), pid=33224, tid=28568
#
# JRE version: Java(TM) SE Runtime Environment (24.0.2+12) (build 24.0.2+12-54)
# Java VM: Java HotSpot(TM) 64-Bit Server VM (24.0.2+12-54, mixed mode, sharing, tiered, compressed oops, compressed class ptrs, g1 gc, windows-amd64)
# No core dump will be written. Minidumps are not enabled by default on client versions of Windows
#

---------------  S U M M A R Y ------------

Command Line: --add-modules=javafx.controls,javafx.fxml --enable-native-access=javafx.graphics --enable-native-access=ALL-UNNAMED --module-path=C:\Users\priya\.m2\repository\org\openjfx\javafx-base\21.0.5\javafx-base-21.0.5-win.jar;C:\Users\priya\.m2\repository\org\openjfx\javafx-base\21.0.5\javafx-base-21.0.5.jar;C:\Users\priya\.m2\repository\org\openjfx\javafx-controls\21.0.5\javafx-controls-21.0.5-win.jar;C:\Users\priya\.m2\repository\org\openjfx\javafx-controls\21.0.5\javafx-controls-21.0.5.jar;C:\Users\priya\.m2\repository\org\openjfx\javafx-fxml\21.0.5\javafx-fxml-21.0.5-win.jar;C:\Users\priya\.m2\repository\org\openjfx\javafx-fxml\21.0.5\javafx-fxml-21.0.5.jar;C:\Users\priya\.m2\repository\org\openjfx\javafx-graphics\21.0.5\javafx-graphics-21.0.5-win.jar;C:\Users\priya\.m2\repository\org\openjfx\javafx-graphics\21.0.5\javafx-graphics-21.0.5.jar --add-modules=javafx.base,javafx.controls,javafx.fxml,javafx.graphics com.priya.neurosyncdemo.App

Host: 13th Gen Intel(R) Core(TM) i5-13450HX, 16 cores, 7G,  Windows 11 , 64 bit Build 26100 (10.0.26100.6725)
Time: Mon Oct 27 00:06:16 2025 India Standard Time elapsed time: 150.309212 seconds (0d 0h 2m 30s)

---------------  T H R E A D  ---------------

Current thread (0x000001cda3828000):  VMThread "VM Thread"          [id=28568, stack(0x0000004ae9b00000,0x0000004ae9c00000) (1024K)]

Stack: [0x0000004ae9b00000,0x0000004ae9c00000]
Native frames: (J=compiled Java code, j=interpreted, Vv=VM code, C=native code)
V  [jvm.dll+0x730829]  (no source info available)
V  [jvm.dll+0x8d9da3]  (no source info available)
V  [jvm.dll+0x8dc28d]  (no source info available)
V  [jvm.dll+0x8dc903]  (no source info available)
V  [jvm.dll+0x2a9f56]  (no source info available)
V  [jvm.dll+0x72cd55]  (no source info available)
V  [jvm.dll+0x72066a]  (no source info available)
V  [jvm.dll+0x390b7a]  (no source info available)
V  [jvm.dll+0x398906]  (no source info available)
V  [jvm.dll+0x3850de]  (no source info available)
V  [jvm.dll+0x385398]  (no source info available)
V  [jvm.dll+0x35d10c]  (no source info available)
V  [jvm.dll+0x35d19a]  (no source info available)
V  [jvm.dll+0x3aa602]  (no source info available)
V  [jvm.dll+0x3a8c32]  (no source info available)
V  [jvm.dll+0x35c8d7]  (no source info available)
V  [jvm.dll+0x3a83e4]  (no source info available)
V  [jvm.dll+0x8e29c2]  (no source info available)
V  [jvm.dll+0x8e3d0c]  (no source info available)
V  [jvm.dll+0x8e4278]  (no source info available)
V  [jvm.dll+0x8e4513]  (no source info available)
V  [jvm.dll+0x87d9eb]  (no source info available)
V  [jvm.dll+0x72ef45]  (no source info available)
C  [ucrtbase.dll+0x37b0]  (no source info available)
C  [KERNEL32.DLL+0x2e8d7]  (no source info available)
C  [ntdll.dll+0x8c53c]  (no source info available)

VM_Operation (0x0000004aea9fb4f0): G1CollectForAllocation, mode: safepoint, requested by thread 0x000001cdea48a240


---------------  P R O C E S S  ---------------

Threads class SMR info:
_java_thread_list=0x000001cdf8058900, length=22, elements={
0x000001cd845a53f0, 0x000001cda41d0080, 0x000001cda41d07c0, 0x000001cda41d1300,
0x000001cda41d2090, 0x000001cda41d6e50, 0x000001cda41d7980, 0x000001cda41d8e50,
0x000001cda383e0f0, 0x000001cda4381c70, 0x000001cda47a6320, 0x000001cda4f2e1b0,
0x000001cdea26e7a0, 0x000001cdea48a240, 0x000001cdea9d19f0, 0x000001cdea9f7750,
0x000001cdf0301040, 0x000001cdf08d0d00, 0x000001cdf08d22f0, 0x000001cdf08cfe60,
0x000001cdf08cf710, 0x000001cdf10a0d30
}

Java Threads: ( => current thread )
  0x000001cd845a53f0 JavaThread "main"                              [_thread_blocked, id=9996, stack(0x0000004ae9400000,0x0000004ae9500000) (1024K)]
  0x000001cda41d0080 JavaThread "Reference Handler"          daemon [_thread_blocked, id=11772, stack(0x0000004ae9c00000,0x0000004ae9d00000) (1024K)]
  0x000001cda41d07c0 JavaThread "Finalizer"                  daemon [_thread_blocked, id=22140, stack(0x0000004ae9d00000,0x0000004ae9e00000) (1024K)]
  0x000001cda41d1300 JavaThread "Signal Dispatcher"          daemon [_thread_blocked, id=14084, stack(0x0000004ae9e00000,0x0000004ae9f00000) (1024K)]
  0x000001cda41d2090 JavaThread "Attach Listener"            daemon [_thread_blocked, id=30088, stack(0x0000004ae9f00000,0x0000004aea000000) (1024K)]
  0x000001cda41d6e50 JavaThread "Service Thread"             daemon [_thread_blocked, id=37676, stack(0x0000004aea000000,0x0000004aea100000) (1024K)]
  0x000001cda41d7980 JavaThread "Monitor Deflation Thread"   daemon [_thread_blocked, id=28236, stack(0x0000004aea100000,0x0000004aea200000) (1024K)]
  0x000001cda41d8e50 JavaThread "C2 CompilerThread0"         daemon [_thread_blocked, id=22632, stack(0x0000004aea200000,0x0000004aea300000) (1024K)]
  0x000001cda383e0f0 JavaThread "C1 CompilerThread0"         daemon [_thread_blocked, id=27060, stack(0x0000004aea300000,0x0000004aea400000) (1024K)]
  0x000001cda4381c70 JavaThread "Common-Cleaner"             daemon [_thread_blocked, id=27976, stack(0x0000004aea600000,0x0000004aea700000) (1024K)]
  0x000001cda47a6320 JavaThread "Notification Thread"        daemon [_thread_blocked, id=13748, stack(0x0000004aeaa00000,0x0000004aeab00000) (1024K)]
  0x000001cda4f2e1b0 JavaThread "QuantumRenderer-0"          daemon [_thread_blocked, id=36712, stack(0x0000004aeab00000,0x0000004aeac00000) (1024K)]
  0x000001cdea26e7a0 JavaThread "InvokeLaterDispatcher"      daemon [_thread_blocked, id=26264, stack(0x0000004aea800000,0x0000004aea900000) (1024K)]
  0x000001cdea48a240 JavaThread "JavaFX Application Thread"         [_thread_blocked, id=26592, stack(0x0000004aea900000,0x0000004aeaa00000) (1024K)]
  0x000001cdea9d19f0 JavaThread "JavaFX-Launcher"                   [_thread_blocked, id=16264, stack(0x0000004aec000000,0x0000004aec100000) (1024K)]
  0x000001cdea9f7750 JavaThread "Thread-2"                   daemon [_thread_blocked, id=32992, stack(0x0000004aebf00000,0x0000004aec000000) (1024K)]
  0x000001cdf0301040 JavaThread "Prism Font Disposer"        daemon [_thread_blocked, id=30208, stack(0x0000004aec300000,0x0000004aec400000) (1024K)]
  0x000001cdf08d0d00 JavaThread "Cleaner-0"                  daemon [_thread_blocked, id=8784, stack(0x0000004aec100000,0x0000004aec200000) (1024K)]
  0x000001cdf08d22f0 JavaThread "mysql-cj-abandoned-connection-cleanup" daemon [_thread_blocked, id=22724, stack(0x0000004aed100000,0x0000004aed200000) (1024K)]
  0x000001cdf08cfe60 JavaThread "HikariPool-1 housekeeper"   daemon [_thread_blocked, id=21308, stack(0x0000004ae9300000,0x0000004ae9400000) (1024K)]
  0x000001cdf08cf710 JavaThread "JavaCPP Deallocator"        daemon [_thread_blocked, id=19864, stack(0x0000004aee700000,0x0000004aee800000) (1024K)]
  0x000001cdf10a0d30 JavaThread "C2 CompilerThread1"         daemon [_thread_blocked, id=33544, stack(0x0000004ae9100000,0x0000004ae9200000) (1024K)]
Total: 22

Other Threads:
=>0x000001cda3828000 VMThread "VM Thread"                           [id=28568, stack(0x0000004ae9b00000,0x0000004ae9c00000) (1024K)]
  0x000001cda36eed40 WatcherThread "VM Periodic Task Thread"        [id=32540, stack(0x0000004ae9a00000,0x0000004ae9b00000) (1024K)]
  0x000001cd861979d0 WorkerThread "GC Thread#0"                     [id=3620, stack(0x0000004ae9500000,0x0000004ae9600000) (1024K)]
  0x000001cdea9b0940 WorkerThread "GC Thread#1"                     [id=34028, stack(0x0000004aec400000,0x0000004aec500000) (1024K)]
  0x000001cdea9b1800 WorkerThread "GC Thread#2"                     [id=36860, stack(0x0000004aec500000,0x0000004aec600000) (1024K)]
  0x000001cdea9afe30 WorkerThread "GC Thread#3"                     [id=3564, stack(0x0000004aec600000,0x0000004aec700000) (1024K)]
  0x000001cdea9b0cf0 WorkerThread "GC Thread#4"                     [id=34852, stack(0x0000004aec700000,0x0000004aec800000) (1024K)]
  0x000001cdea9b10a0 WorkerThread "GC Thread#5"                     [id=23836, stack(0x0000004aec800000,0x0000004aec900000) (1024K)]
  0x000001cda47e8060 WorkerThread "GC Thread#6"                     [id=4028, stack(0x0000004aea700000,0x0000004aea800000) (1024K)]
  0x000001cda47e8f20 WorkerThread "GC Thread#7"                     [id=24116, stack(0x0000004aec200000,0x0000004aec300000) (1024K)]
  0x000001cda47e9a30 WorkerThread "GC Thread#8"                     [id=2072, stack(0x0000004aecf00000,0x0000004aed000000) (1024K)]
  0x000001cdf7fd0940 WorkerThread "GC Thread#9"                     [id=35876, stack(0x0000004aed400000,0x0000004aed500000) (1024K)]
  0x000001cdf7fd0cf0 WorkerThread "GC Thread#10"                    [id=19020, stack(0x0000004aed500000,0x0000004aed600000) (1024K)]
  0x000001cdf7fcef70 WorkerThread "GC Thread#11"                    [id=6972, stack(0x0000004aed600000,0x0000004aed700000) (1024K)]
  0x000001cdf7fcfa80 WorkerThread "GC Thread#12"                    [id=35712, stack(0x0000004aed700000,0x0000004aed800000) (1024K)]
  0x000001cd861abd80 ConcurrentGCThread "G1 Main Marker"            [id=18328, stack(0x0000004ae9600000,0x0000004ae9700000) (1024K)]
  0x000001cd861ac7a0 WorkerThread "G1 Conc#0"                       [id=20424, stack(0x0000004ae9700000,0x0000004ae9800000) (1024K)]
  0x000001cdf7fd1800 WorkerThread "G1 Conc#1"                       [id=37780, stack(0x0000004aed800000,0x0000004aed900000) (1024K)]
  0x000001cdf7fd01e0 WorkerThread "G1 Conc#2"                       [id=25548, stack(0x0000004aed900000,0x0000004aeda00000) (1024K)]
  0x000001cda36e5110 ConcurrentGCThread "G1 Refine#0"               [id=32444, stack(0x0000004ae9800000,0x0000004ae9900000) (1024K)]
  0x000001cda36e5940 ConcurrentGCThread "G1 Service"                [id=6188, stack(0x0000004ae9900000,0x0000004ae9a00000) (1024K)]
Total: 21

Threads with active compile tasks:
C2 CompilerThread0  155363 5961       4       jdk.internal.module.Resources::toPackageName (39 bytes)
C2 CompilerThread1  155363 5959       4       jdk.internal.loader.URLClassPath::findResource (35 bytes)
Total: 2

VM state: at safepoint (normal execution)

VM Mutex/Monitor currently owned by a thread:  ([mutex/lock_event])
[0x00007ffb38b144f0] Threads_lock - owner thread: 0x000001cda3828000
[0x00007ffb38b145f0] Heap_lock - owner thread: 0x000001cdea48a240

Heap address: 0x0000000084e00000, size: 1970 MB, Compressed Oops mode: 32-bit

CDS archive(s) mapped at: [0x000001cda5000000-0x000001cda5d40000-0x000001cda5d40000), size 13893632, SharedBaseAddress: 0x000001cda5000000, ArchiveRelocationMode: 1.
Compressed class space mapped at: 0x000001cda6000000-0x000001cde6000000, reserved size: 1073741824
UseCompressedClassPointers 1, UseCompactObjectHeaders 0
Narrow klass pointer bits 32, Max shift 3
Narrow klass base: 0x000001cda5000000, Narrow klass shift: 0
Encoding Range: [0x000001cda5000000 - 0x000001cea5000000), (4294967296 bytes)
Klass Range:    [0x000001cda5000000 - 0x000001cde6000000), (1090519040 bytes)
Klass ID Range:  [8 - 1090519033) (1090519025)

GC Precious Log:
 CardTable entry size: 512
 Card Set container configuration: InlinePtr #cards 5 size 8 Array Of Cards #cards 10 size 36 Howl #buckets 4 coarsen threshold 1843 Howl Bitmap #cards 512 size 80 coarsen threshold 460 Card regions per heap region 1 cards per card region 2048
 CPUs: 16 total, 16 available
 Memory: 7876M
 Large Page Support: Disabled
 NUMA Support: Disabled
 Compressed Oops: Enabled (32-bit)
 Heap Region Size: 1M
 Heap Min Capacity: 8M
 Heap Initial Capacity: 124M
 Heap Max Capacity: 1970M
 Pre-touch: Disabled
 Parallel Workers: 13
 Concurrent Workers: 3
 Concurrent Refinement Workers: 13
 Periodic GC: Disabled

Heap:
 garbage-first heap   total reserved 2017280K, committed 132096K, used 20369K [0x0000000084e00000, 0x0000000100000000)
  region size 1024K, 1 young (1024K), 1 survivors (1024K)
 Metaspace       used 27353K, committed 27648K, reserved 1114112K
  class space    used 2952K, committed 3072K, reserved 1048576K

Heap Regions: E=young(eden), S=young(survivor), O=old, HS=humongous(starts), HC=humongous(continues), CS=collection set, F=free, TAMS=top-at-mark-start, PB=parsable bottom
|   0|0x0000000084e00000, 0x0000000084f00000, 0x0000000084f00000|100%| O|  |TAMS 0x0000000084e00000| PB 0x0000000084e00000| Untracked |  0
|   1|0x0000000084f00000, 0x0000000085000000, 0x0000000085000000|100%| O|  |TAMS 0x0000000084f00000| PB 0x0000000084f00000| Untracked |  0
|   2|0x0000000085000000, 0x0000000085100000, 0x0000000085100000|100%| O|  |TAMS 0x0000000085000000| PB 0x0000000085000000| Untracked |  0
|   3|0x0000000085100000, 0x0000000085200000, 0x0000000085200000|100%| O|  |TAMS 0x0000000085100000| PB 0x0000000085100000| Untracked |  0
|   4|0x0000000085200000, 0x0000000085300000, 0x0000000085300000|100%| O|  |TAMS 0x0000000085200000| PB 0x0000000085200000| Untracked |  0
|   5|0x0000000085300000, 0x0000000085400000, 0x0000000085400000|100%| O|  |TAMS 0x0000000085300000| PB 0x0000000085300000| Untracked |  0
|   6|0x0000000085400000, 0x0000000085500000, 0x0000000085500000|100%| O|  |TAMS 0x0000000085400000| PB 0x0000000085400000| Untracked |  0
|   7|0x0000000085500000, 0x0000000085600000, 0x0000000085600000|100%| O|  |TAMS 0x0000000085500000| PB 0x0000000085500000| Untracked |  0
|   8|0x0000000085600000, 0x0000000085700000, 0x0000000085700000|100%| O|  |TAMS 0x0000000085600000| PB 0x0000000085600000| Untracked |  0
|   9|0x0000000085700000, 0x0000000085800000, 0x0000000085800000|100%| O|  |TAMS 0x0000000085700000| PB 0x0000000085700000| Untracked |  0
|  10|0x0000000085800000, 0x000000008581b4a0, 0x0000000085900000| 10%| O|  |TAMS 0x0000000085800000| PB 0x0000000085800000| Untracked |  0
|  11|0x0000000085900000, 0x00000000859a0470, 0x0000000085a00000| 62%| O|  |TAMS 0x0000000085900000| PB 0x0000000085900000| Untracked |  0
|  12|0x0000000085a00000, 0x0000000085a00000, 0x0000000085b00000|  0%| F|  |TAMS 0x0000000085a00000| PB 0x0000000085a00000| Untracked |  0
|  13|0x0000000085b00000, 0x0000000085c00000, 0x0000000085c00000|100%| O|  |TAMS 0x0000000085b00000| PB 0x0000000085b00000| Untracked |  0
|  14|0x0000000085c00000, 0x0000000085c00000, 0x0000000085d00000|  0%| F|  |TAMS 0x0000000085c00000| PB 0x0000000085c00000| Untracked |  0
|  15|0x0000000085d00000, 0x0000000085e00000, 0x0000000085e00000|100%|HS|  |TAMS 0x0000000085d00000| PB 0x0000000085d00000| Complete |  0
|  16|0x0000000085e00000, 0x0000000085f00000, 0x0000000085f00000|100%|HC|  |TAMS 0x0000000085e00000| PB 0x0000000085e00000| Complete |  0
|  17|0x0000000085f00000, 0x0000000085f00000, 0x0000000086000000|  0%| F|  |TAMS 0x0000000085f00000| PB 0x0000000085f00000| Untracked |  0
|  18|0x0000000086000000, 0x0000000086000000, 0x0000000086100000|  0%| F|  |TAMS 0x0000000086000000| PB 0x0000000086000000| Untracked |  0
|  19|0x0000000086100000, 0x0000000086200000, 0x0000000086200000|100%|HS|  |TAMS 0x0000000086100000| PB 0x0000000086100000| Complete |  0
|  20|0x0000000086200000, 0x0000000086300000, 0x0000000086300000|100%| O|  |TAMS 0x0000000086200000| PB 0x0000000086200000| Untracked |  0
|  21|0x0000000086300000, 0x0000000086300000, 0x0000000086400000|  0%| F|  |TAMS 0x0000000086300000| PB 0x0000000086300000| Untracked |  0
|  22|0x0000000086400000, 0x0000000086400000, 0x0000000086500000|  0%| F|  |TAMS 0x0000000086400000| PB 0x0000000086400000| Untracked |  0
|  23|0x0000000086500000, 0x0000000086500000, 0x0000000086600000|  0%| F|  |TAMS 0x0000000086500000| PB 0x0000000086500000| Untracked |  0
|  24|0x0000000086600000, 0x0000000086600000, 0x0000000086700000|  0%| F|  |TAMS 0x0000000086600000| PB 0x0000000086600000| Untracked |  0
|  25|0x0000000086700000, 0x0000000086700000, 0x0000000086800000|  0%| F|  |TAMS 0x0000000086700000| PB 0x0000000086700000| Untracked |  0
|  26|0x0000000086800000, 0x0000000086800000, 0x0000000086900000|  0%| F|  |TAMS 0x0000000086800000| PB 0x0000000086800000| Untracked |  0
|  27|0x0000000086900000, 0x0000000086900000, 0x0000000086a00000|  0%| F|  |TAMS 0x0000000086900000| PB 0x0000000086900000| Untracked |  0
|  28|0x0000000086a00000, 0x0000000086a00000, 0x0000000086b00000|  0%| F|  |TAMS 0x0000000086a00000| PB 0x0000000086a00000| Untracked |  0
|  29|0x0000000086b00000, 0x0000000086b00000, 0x0000000086c00000|  0%| F|  |TAMS 0x0000000086b00000| PB 0x0000000086b00000| Untracked |  0
|  30|0x0000000086c00000, 0x0000000086c00000, 0x0000000086d00000|  0%| F|  |TAMS 0x0000000086c00000| PB 0x0000000086c00000| Untracked |  0
|  31|0x0000000086d00000, 0x0000000086d00000, 0x0000000086e00000|  0%| F|  |TAMS 0x0000000086d00000| PB 0x0000000086d00000| Untracked |  0
|  32|0x0000000086e00000, 0x0000000086e00000, 0x0000000086f00000|  0%| F|  |TAMS 0x0000000086e00000| PB 0x0000000086e00000| Untracked |  0
|  33|0x0000000086f00000, 0x0000000086f00000, 0x0000000087000000|  0%| F|  |TAMS 0x0000000086f00000| PB 0x0000000086f00000| Untracked |  0
|  34|0x0000000087000000, 0x0000000087000000, 0x0000000087100000|  0%| F|  |TAMS 0x0000000087000000| PB 0x0000000087000000| Untracked |  0
|  35|0x0000000087100000, 0x0000000087100000, 0x0000000087200000|  0%| F|  |TAMS 0x0000000087100000| PB 0x0000000087100000| Untracked |  0
|  36|0x0000000087200000, 0x0000000087200000, 0x0000000087300000|  0%| F|  |TAMS 0x0000000087200000| PB 0x0000000087200000| Untracked |  0
|  37|0x0000000087300000, 0x0000000087300000, 0x0000000087400000|  0%| F|  |TAMS 0x0000000087300000| PB 0x0000000087300000| Untracked |  0
|  38|0x0000000087400000, 0x0000000087400000, 0x0000000087500000|  0%| F|  |TAMS 0x0000000087400000| PB 0x0000000087400000| Untracked |  0
|  39|0x0000000087500000, 0x0000000087500000, 0x0000000087600000|  0%| F|  |TAMS 0x0000000087500000| PB 0x0000000087500000| Untracked |  0
|  40|0x0000000087600000, 0x0000000087600000, 0x0000000087700000|  0%| F|  |TAMS 0x0000000087600000| PB 0x0000000087600000| Untracked |  0
|  41|0x0000000087700000, 0x0000000087700000, 0x0000000087800000|  0%| F|  |TAMS 0x0000000087700000| PB 0x0000000087700000| Untracked |  0
|  42|0x0000000087800000, 0x0000000087800000, 0x0000000087900000|  0%| F|  |TAMS 0x0000000087800000| PB 0x0000000087800000| Untracked |  0
|  43|0x0000000087900000, 0x0000000087900000, 0x0000000087a00000|  0%| F|  |TAMS 0x0000000087900000| PB 0x0000000087900000| Untracked |  0
|  44|0x0000000087a00000, 0x0000000087a00000, 0x0000000087b00000|  0%| F|  |TAMS 0x0000000087a00000| PB 0x0000000087a00000| Untracked |  0
|  45|0x0000000087b00000, 0x0000000087b00000, 0x0000000087c00000|  0%| F|  |TAMS 0x0000000087b00000| PB 0x0000000087b00000| Untracked |  0
|  46|0x0000000087c00000, 0x0000000087c00000, 0x0000000087d00000|  0%| F|  |TAMS 0x0000000087c00000| PB 0x0000000087c00000| Untracked |  0
|  47|0x0000000087d00000, 0x0000000087d00000, 0x0000000087e00000|  0%| F|  |TAMS 0x0000000087d00000| PB 0x0000000087d00000| Untracked |  0
|  48|0x0000000087e00000, 0x0000000087e00000, 0x0000000087f00000|  0%| F|  |TAMS 0x0000000087e00000| PB 0x0000000087e00000| Untracked |  0
|  49|0x0000000087f00000, 0x0000000087f00000, 0x0000000088000000|  0%| F|  |TAMS 0x0000000087f00000| PB 0x0000000087f00000| Untracked |  0
|  50|0x0000000088000000, 0x0000000088000000, 0x0000000088100000|  0%| F|  |TAMS 0x0000000088000000| PB 0x0000000088000000| Untracked |  0
|  51|0x0000000088100000, 0x0000000088100000, 0x0000000088200000|  0%| F|  |TAMS 0x0000000088100000| PB 0x0000000088100000| Untracked |  0
|  52|0x0000000088200000, 0x0000000088200000, 0x0000000088300000|  0%| F|  |TAMS 0x0000000088200000| PB 0x0000000088200000| Untracked |  0
|  53|0x0000000088300000, 0x0000000088300000, 0x0000000088400000|  0%| F|  |TAMS 0x0000000088300000| PB 0x0000000088300000| Untracked |  0
|  54|0x0000000088400000, 0x0000000088400000, 0x0000000088500000|  0%| F|  |TAMS 0x0000000088400000| PB 0x0000000088400000| Untracked |  0
|  55|0x0000000088500000, 0x0000000088500000, 0x0000000088600000|  0%| F|  |TAMS 0x0000000088500000| PB 0x0000000088500000| Untracked |  0
|  56|0x0000000088600000, 0x0000000088600000, 0x0000000088700000|  0%| F|  |TAMS 0x0000000088600000| PB 0x0000000088600000| Untracked |  0
|  57|0x0000000088700000, 0x0000000088700000, 0x0000000088800000|  0%| F|  |TAMS 0x0000000088700000| PB 0x0000000088700000| Untracked |  0
|  58|0x0000000088800000, 0x0000000088800000, 0x0000000088900000|  0%| F|  |TAMS 0x0000000088800000| PB 0x0000000088800000| Untracked |  0
|  59|0x0000000088900000, 0x0000000088900000, 0x0000000088a00000|  0%| F|  |TAMS 0x0000000088900000| PB 0x0000000088900000| Untracked |  0
|  60|0x0000000088a00000, 0x0000000088a00000, 0x0000000088b00000|  0%| F|  |TAMS 0x0000000088a00000| PB 0x0000000088a00000| Untracked |  0
|  61|0x0000000088b00000, 0x0000000088b00000, 0x0000000088c00000|  0%| F|  |TAMS 0x0000000088b00000| PB 0x0000000088b00000| Untracked |  0
|  62|0x0000000088c00000, 0x0000000088c00000, 0x0000000088d00000|  0%| F|  |TAMS 0x0000000088c00000| PB 0x0000000088c00000| Untracked |  0
|  63|0x0000000088d00000, 0x0000000088d00000, 0x0000000088e00000|  0%| F|  |TAMS 0x0000000088d00000| PB 0x0000000088d00000| Untracked |  0
|  64|0x0000000088e00000, 0x0000000088e00000, 0x0000000088f00000|  0%| F|  |TAMS 0x0000000088e00000| PB 0x0000000088e00000| Untracked |  0
|  65|0x0000000088f00000, 0x0000000088f00000, 0x0000000089000000|  0%| F|  |TAMS 0x0000000088f00000| PB 0x0000000088f00000| Untracked |  0
|  66|0x0000000089000000, 0x0000000089000000, 0x0000000089100000|  0%| F|  |TAMS 0x0000000089000000| PB 0x0000000089000000| Untracked |  0
|  67|0x0000000089100000, 0x0000000089100000, 0x0000000089200000|  0%| F|  |TAMS 0x0000000089100000| PB 0x0000000089100000| Untracked |  0
|  68|0x0000000089200000, 0x0000000089200000, 0x0000000089300000|  0%| F|  |TAMS 0x0000000089200000| PB 0x0000000089200000| Untracked |  0
|  69|0x0000000089300000, 0x0000000089300000, 0x0000000089400000|  0%| F|  |TAMS 0x0000000089300000| PB 0x0000000089300000| Untracked |  0
|  70|0x0000000089400000, 0x0000000089400000, 0x0000000089500000|  0%| F|  |TAMS 0x0000000089400000| PB 0x0000000089400000| Untracked |  0
|  71|0x0000000089500000, 0x0000000089500000, 0x0000000089600000|  0%| F|  |TAMS 0x0000000089500000| PB 0x0000000089500000| Untracked |  0
|  72|0x0000000089600000, 0x0000000089600000, 0x0000000089700000|  0%| F|  |TAMS 0x0000000089600000| PB 0x0000000089600000| Untracked |  0
|  73|0x0000000089700000, 0x0000000089700000, 0x0000000089800000|  0%| F|  |TAMS 0x0000000089700000| PB 0x0000000089700000| Untracked |  0
|  74|0x0000000089800000, 0x0000000089800000, 0x0000000089900000|  0%| F|  |TAMS 0x0000000089800000| PB 0x0000000089800000| Untracked |  0
|  75|0x0000000089900000, 0x0000000089900000, 0x0000000089a00000|  0%| F|  |TAMS 0x0000000089900000| PB 0x0000000089900000| Untracked |  0
|  76|0x0000000089a00000, 0x0000000089a00000, 0x0000000089b00000|  0%| F|  |TAMS 0x0000000089a00000| PB 0x0000000089a00000| Untracked |  0
|  77|0x0000000089b00000, 0x0000000089b00000, 0x0000000089c00000|  0%| F|  |TAMS 0x0000000089b00000| PB 0x0000000089b00000| Untracked |  0
|  78|0x0000000089c00000, 0x0000000089c00000, 0x0000000089d00000|  0%| F|  |TAMS 0x0000000089c00000| PB 0x0000000089c00000| Untracked |  0
|  79|0x0000000089d00000, 0x0000000089d00000, 0x0000000089e00000|  0%| F|  |TAMS 0x0000000089d00000| PB 0x0000000089d00000| Untracked |  0
|  80|0x0000000089e00000, 0x0000000089e00000, 0x0000000089f00000|  0%| F|  |TAMS 0x0000000089e00000| PB 0x0000000089e00000| Untracked |  0
|  81|0x0000000089f00000, 0x0000000089f00000, 0x000000008a000000|  0%| F|  |TAMS 0x0000000089f00000| PB 0x0000000089f00000| Untracked |  0
|  82|0x000000008a000000, 0x000000008a000000, 0x000000008a100000|  0%| F|  |TAMS 0x000000008a000000| PB 0x000000008a000000| Untracked |  0
|  83|0x000000008a100000, 0x000000008a100000, 0x000000008a200000|  0%| F|  |TAMS 0x000000008a100000| PB 0x000000008a100000| Untracked |  0
|  84|0x000000008a200000, 0x000000008a200000, 0x000000008a300000|  0%| F|  |TAMS 0x000000008a200000| PB 0x000000008a200000| Untracked |  0
|  85|0x000000008a300000, 0x000000008a300000, 0x000000008a400000|  0%| F|  |TAMS 0x000000008a300000| PB 0x000000008a300000| Untracked |  0
|  86|0x000000008a400000, 0x000000008a400000, 0x000000008a500000|  0%| F|  |TAMS 0x000000008a400000| PB 0x000000008a400000| Untracked |  0
|  87|0x000000008a500000, 0x000000008a500000, 0x000000008a600000|  0%| F|  |TAMS 0x000000008a500000| PB 0x000000008a500000| Untracked |  0
|  88|0x000000008a600000, 0x000000008a600000, 0x000000008a700000|  0%| F|  |TAMS 0x000000008a600000| PB 0x000000008a600000| Untracked |  0
|  89|0x000000008a700000, 0x000000008a700000, 0x000000008a800000|  0%| F|  |TAMS 0x000000008a700000| PB 0x000000008a700000| Untracked |  0
|  90|0x000000008a800000, 0x000000008a800000, 0x000000008a900000|  0%| F|  |TAMS 0x000000008a800000| PB 0x000000008a800000| Untracked |  0
|  91|0x000000008a900000, 0x000000008a900000, 0x000000008aa00000|  0%| F|  |TAMS 0x000000008a900000| PB 0x000000008a900000| Untracked |  0
|  92|0x000000008aa00000, 0x000000008aa00000, 0x000000008ab00000|  0%| F|  |TAMS 0x000000008aa00000| PB 0x000000008aa00000| Untracked |  0
|  93|0x000000008ab00000, 0x000000008ab00000, 0x000000008ac00000|  0%| F|  |TAMS 0x000000008ab00000| PB 0x000000008ab00000| Untracked |  0
|  94|0x000000008ac00000, 0x000000008ac00000, 0x000000008ad00000|  0%| F|  |TAMS 0x000000008ac00000| PB 0x000000008ac00000| Untracked |  0
|  95|0x000000008ad00000, 0x000000008ad00000, 0x000000008ae00000|  0%| F|  |TAMS 0x000000008ad00000| PB 0x000000008ad00000| Untracked |  0
|  96|0x000000008ae00000, 0x000000008ae00000, 0x000000008af00000|  0%| F|  |TAMS 0x000000008ae00000| PB 0x000000008ae00000| Untracked |  0
|  97|0x000000008af00000, 0x000000008af00000, 0x000000008b000000|  0%| F|  |TAMS 0x000000008af00000| PB 0x000000008af00000| Untracked |  0
|  98|0x000000008b000000, 0x000000008b000000, 0x000000008b100000|  0%| F|  |TAMS 0x000000008b000000| PB 0x000000008b000000| Untracked |  0
|  99|0x000000008b100000, 0x000000008b100000, 0x000000008b200000|  0%| F|  |TAMS 0x000000008b100000| PB 0x000000008b100000| Untracked |  0
| 100|0x000000008b200000, 0x000000008b200000, 0x000000008b300000|  0%| F|  |TAMS 0x000000008b200000| PB 0x000000008b200000| Untracked |  0
| 101|0x000000008b300000, 0x000000008b328e20, 0x000000008b400000| 15%| S|CS|TAMS 0x000000008b300000| PB 0x000000008b300000| Complete |  0
| 102|0x000000008b400000, 0x000000008b400000, 0x000000008b500000|  0%| F|  |TAMS 0x000000008b400000| PB 0x000000008b400000| Untracked |  0
| 103|0x000000008b500000, 0x000000008b500000, 0x000000008b600000|  0%| F|  |TAMS 0x000000008b500000| PB 0x000000008b500000| Untracked |  0
| 104|0x000000008b600000, 0x000000008b600000, 0x000000008b700000|  0%| F|  |TAMS 0x000000008b600000| PB 0x000000008b600000| Untracked |  0
| 105|0x000000008b700000, 0x000000008b700000, 0x000000008b800000|  0%| F|  |TAMS 0x000000008b700000| PB 0x000000008b700000| Untracked |  0
| 106|0x000000008b800000, 0x000000008b800000, 0x000000008b900000|  0%| F|  |TAMS 0x000000008b800000| PB 0x000000008b800000| Untracked |  0
| 107|0x000000008b900000, 0x000000008b900000, 0x000000008ba00000|  0%| F|  |TAMS 0x000000008b900000| PB 0x000000008b900000| Untracked |  0
| 108|0x000000008ba00000, 0x000000008ba00000, 0x000000008bb00000|  0%| F|  |TAMS 0x000000008ba00000| PB 0x000000008ba00000| Untracked |  0
| 109|0x000000008bb00000, 0x000000008bb00000, 0x000000008bc00000|  0%| F|  |TAMS 0x000000008bb00000| PB 0x000000008bb00000| Untracked |  0
| 110|0x000000008bc00000, 0x000000008bc00000, 0x000000008bd00000|  0%| F|  |TAMS 0x000000008bc00000| PB 0x000000008bc00000| Untracked |  0
| 111|0x000000008bd00000, 0x000000008bd00000, 0x000000008be00000|  0%| F|  |TAMS 0x000000008bd00000| PB 0x000000008bd00000| Untracked |  0
| 112|0x000000008be00000, 0x000000008be00000, 0x000000008bf00000|  0%| F|  |TAMS 0x000000008be00000| PB 0x000000008be00000| Untracked |  0
| 113|0x000000008bf00000, 0x000000008bf00000, 0x000000008c000000|  0%| F|  |TAMS 0x000000008bf00000| PB 0x000000008bf00000| Untracked |  0
| 114|0x000000008c000000, 0x000000008c000000, 0x000000008c100000|  0%| F|  |TAMS 0x000000008c000000| PB 0x000000008c000000| Untracked |  0
| 115|0x000000008c100000, 0x000000008c100000, 0x000000008c200000|  0%| F|  |TAMS 0x000000008c100000| PB 0x000000008c100000| Untracked |  0
| 116|0x000000008c200000, 0x000000008c200000, 0x000000008c300000|  0%| F|  |TAMS 0x000000008c200000| PB 0x000000008c200000| Untracked |  0
| 117|0x000000008c300000, 0x000000008c300000, 0x000000008c400000|  0%| F|  |TAMS 0x000000008c300000| PB 0x000000008c300000| Untracked |  0
| 118|0x000000008c400000, 0x000000008c400000, 0x000000008c500000|  0%| F|  |TAMS 0x000000008c400000| PB 0x000000008c400000| Untracked |  0
| 119|0x000000008c500000, 0x000000008c500000, 0x000000008c600000|  0%| F|  |TAMS 0x000000008c500000| PB 0x000000008c500000| Untracked |  0
| 120|0x000000008c600000, 0x000000008c600000, 0x000000008c700000|  0%| F|  |TAMS 0x000000008c600000| PB 0x000000008c600000| Untracked |  0
| 121|0x000000008c700000, 0x000000008c700000, 0x000000008c800000|  0%| F|  |TAMS 0x000000008c700000| PB 0x000000008c700000| Untracked |  0
| 122|0x000000008c800000, 0x000000008c800000, 0x000000008c900000|  0%| F|  |TAMS 0x000000008c800000| PB 0x000000008c800000| Untracked |  0
| 123|0x000000008c900000, 0x000000008c900000, 0x000000008ca00000|  0%| F|  |TAMS 0x000000008c900000| PB 0x000000008c900000| Untracked |  0
|1965|0x00000000ffb00000, 0x00000000ffc00000, 0x00000000ffc00000|100%| O|  |TAMS 0x00000000ffb00000| PB 0x00000000ffb00000| Untracked |  0
|1966|0x00000000ffc00000, 0x00000000ffd00000, 0x00000000ffd00000|100%| O|  |TAMS 0x00000000ffc00000| PB 0x00000000ffc00000| Untracked |  0
|1967|0x00000000ffd00000, 0x00000000ffe00000, 0x00000000ffe00000|100%| O|  |TAMS 0x00000000ffd00000| PB 0x00000000ffd00000| Untracked |  0
|1968|0x00000000ffe00000, 0x00000000fff00000, 0x00000000fff00000|100%| O|  |TAMS 0x00000000ffe00000| PB 0x00000000ffe00000| Untracked |  0
|1969|0x00000000fff00000, 0x00000000fff00000, 0x0000000100000000|  0%| F|  |TAMS 0x00000000fff00000| PB 0x00000000fff00000| Untracked |  0

Card table byte_map: [0x000001cd9ee90000,0x000001cd9f270000] _byte_map_base: 0x000001cd9ea69000

Marking Bits: (CMBitMap*) 0x000001cd86197ff0
 Bits: [0x000001cd9f270000, 0x000001cda1138000)

Polling page: 0x000001cd84860000

Metaspace:

Usage:
  Non-class:     23.83 MB used.
      Class:      2.88 MB used.
       Both:     26.71 MB used.

Virtual space:
  Non-class space:       64.00 MB reserved,      24.00 MB ( 38%) committed,  1 nodes.
      Class space:        1.00 GB reserved,       3.00 MB ( <1%) committed,  1 nodes.
             Both:        1.06 GB reserved,      27.00 MB (  2%) committed. 

Chunk freelists:
   Non-Class:  8.03 MB
       Class:  12.86 MB
        Both:  20.89 MB

MaxMetaspaceSize: unlimited
CompressedClassSpaceSize: 1.00 GB
Initial GC threshold: 21.00 MB
Current GC threshold: 35.12 MB
CDS: on
 - commit_granule_bytes: 65536.
 - commit_granule_words: 8192.
 - virtual_space_node_default_size: 8388608.
 - enlarge_chunks_in_place: 1.
UseCompressedClassPointers 1, UseCompactObjectHeaders 0
Narrow klass pointer bits 32, Max shift 3
Narrow klass base: 0x000001cda5000000, Narrow klass shift: 0
Encoding Range: [0x000001cda5000000 - 0x000001cea5000000), (4294967296 bytes)
Klass Range:    [0x000001cda5000000 - 0x000001cde6000000), (1090519040 bytes)
Klass ID Range:  [8 - 1090519033) (1090519025)


Internal statistics:

num_allocs_failed_limit: 3.
num_arena_births: 228.
num_arena_deaths: 0.
num_vsnodes_births: 2.
num_vsnodes_deaths: 0.
num_space_committed: 430.
num_space_uncommitted: 0.
num_chunks_returned_to_freelist: 3.
num_chunks_taken_from_freelist: 1098.
num_chunk_merges: 3.
num_chunk_splits: 834.
num_chunks_enlarged: 707.
num_inconsistent_stats: 0.

CodeHeap 'non-profiled nmethods': size=119232Kb used=2758Kb max_used=2758Kb free=116474Kb
 bounds [0x000001cd96670000, 0x000001cd96930000, 0x000001cd9dae0000]
CodeHeap 'profiled nmethods': size=119104Kb used=10616Kb max_used=10616Kb free=108488Kb
 bounds [0x000001cd8eae0000, 0x000001cd8f540000, 0x000001cd95f30000]
CodeHeap 'non-nmethods': size=7424Kb used=2339Kb max_used=3537Kb free=5084Kb
 bounds [0x000001cd95f30000, 0x000001cd962b0000, 0x000001cd96670000]
CodeCache: size=245760Kb, used=15713Kb, max_used=16911Kb, free=230046Kb
 total_blobs=7399, nmethods=5968, adapters=1332, full_count=0
Compilation: enabled, stopped_count=0, restarted_count=0

Compilation events (20 events):
Event: 145.300 Thread 0x000001cda383e0f0 5969       1       java.net.URI::getRawAuthority (5 bytes)
Event: 145.300 Thread 0x000001cda383e0f0 nmethod 5969 0x000001cd96920f08 code [0x000001cd96921000, 0x000001cd969210c8]
Event: 145.300 Thread 0x000001cda383e0f0 5970       1       java.net.URI::getRawFragment (5 bytes)
Event: 145.300 Thread 0x000001cda383e0f0 nmethod 5970 0x000001cd96921208 code [0x000001cd96921300, 0x000001cd969213c8]
Event: 145.300 Thread 0x000001cda383e0f0 5971       1       java.net.URI::getRawQuery (5 bytes)
Event: 145.300 Thread 0x000001cda383e0f0 nmethod 5971 0x000001cd96921508 code [0x000001cd96921600, 0x000001cd969216c8]
Event: 145.301 Thread 0x000001cda383e0f0 5972       3       java.nio.HeapByteBuffer::<init> (21 bytes)
Event: 145.301 Thread 0x000001cda383e0f0 nmethod 5972 0x000001cd8f53b388 code [0x000001cd8f53b4a0, 0x000001cd8f53b6b8]
Event: 145.301 Thread 0x000001cda383e0f0 5973       3       java.nio.ByteBuffer::allocate (20 bytes)
Event: 145.302 Thread 0x000001cda383e0f0 nmethod 5973 0x000001cd8f53b708 code [0x000001cd8f53b840, 0x000001cd8f53ba48]
Event: 145.303 Thread 0x000001cda383e0f0 5974       3       java.nio.charset.CharsetDecoder::<init> (100 bytes)
Event: 145.303 Thread 0x000001cda383e0f0 nmethod 5974 0x000001cd8f53ba88 code [0x000001cd8f53bc20, 0x000001cd8f53c328]
Event: 145.303 Thread 0x000001cda383e0f0 5975       3       java.nio.charset.CharsetDecoder::replaceWith (68 bytes)
Event: 145.304 Thread 0x000001cda383e0f0 nmethod 5975 0x000001cd8f53c388 code [0x000001cd8f53c500, 0x000001cd8f53cc28]
Event: 145.304 Thread 0x000001cda383e0f0 5976       3       java.nio.charset.CharsetDecoder::implReplaceWith (1 bytes)
Event: 145.304 Thread 0x000001cda383e0f0 nmethod 5976 0x000001cd8f53cc88 code [0x000001cd8f53cda0, 0x000001cd8f53cea8]
Event: 145.304 Thread 0x000001cda383e0f0 5977       3       java.nio.charset.CharsetDecoder::<init> (10 bytes)
Event: 145.305 Thread 0x000001cda383e0f0 nmethod 5977 0x000001cd8f53cf88 code [0x000001cd8f53d0a0, 0x000001cd8f53d1e0]
Event: 145.305 Thread 0x000001cda383e0f0 5978       3       java.io.File::getParent (65 bytes)
Event: 145.306 Thread 0x000001cda383e0f0 nmethod 5978 0x000001cd8f53d288 code [0x000001cd8f53d440, 0x000001cd8f53df68]

GC Heap History (20 events):
Event: 0.756 GC heap after
{Heap after GC invocations=1 (full 0):
 garbage-first heap   total reserved 2017280K, committed 129024K, used 9876K [0x0000000084e00000, 0x0000000100000000)
  region size 1024K, 6 young (6144K), 6 survivors (6144K)
 Metaspace       used 7625K, committed 7808K, reserved 1114112K
  class space    used 840K, committed 960K, reserved 1048576K
}
Event: 51.248 GC heap before
{Heap before GC invocations=1 (full 0):
 garbage-first heap   total reserved 2017280K, committed 129024K, used 62100K [0x0000000084e00000, 0x0000000100000000)
  region size 1024K, 56 young (57344K), 6 survivors (6144K)
 Metaspace       used 16044K, committed 16256K, reserved 1114112K
  class space    used 2166K, committed 2240K, reserved 1048576K
}
Event: 51.253 GC heap after
{Heap after GC invocations=2 (full 0):
 garbage-first heap   total reserved 2017280K, committed 129024K, used 15057K [0x0000000084e00000, 0x0000000100000000)
  region size 1024K, 4 young (4096K), 4 survivors (4096K)
 Metaspace       used 16044K, committed 16256K, reserved 1114112K
  class space    used 2166K, committed 2240K, reserved 1048576K
}
Event: 60.238 GC heap before
{Heap before GC invocations=2 (full 0):
 garbage-first heap   total reserved 2017280K, committed 129024K, used 44753K [0x0000000084e00000, 0x0000000100000000)
  region size 1024K, 25 young (25600K), 4 survivors (4096K)
 Metaspace       used 21297K, committed 21504K, reserved 1114112K
  class space    used 2771K, committed 2880K, reserved 1048576K
}
Event: 60.241 GC heap after
{Heap after GC invocations=3 (full 0):
 garbage-first heap   total reserved 2017280K, committed 129024K, used 18547K [0x0000000084e00000, 0x0000000100000000)
  region size 1024K, 6 young (6144K), 6 survivors (6144K)
 Metaspace       used 21297K, committed 21504K, reserved 1114112K
  class space    used 2771K, committed 2880K, reserved 1048576K
}
Event: 110.881 GC heap before
{Heap before GC invocations=4 (full 0):
 garbage-first heap   total reserved 2017280K, committed 68608K, used 61555K [0x0000000084e00000, 0x0000000100000000)
  region size 1024K, 40 young (40960K), 6 survivors (6144K)
 Metaspace       used 23328K, committed 23552K, reserved 1114112K
  class space    used 2926K, committed 3008K, reserved 1048576K
}
Event: 110.885 GC heap after
{Heap after GC invocations=5 (full 0):
 garbage-first heap   total reserved 2017280K, committed 72704K, used 20384K [0x0000000084e00000, 0x0000000100000000)
  region size 1024K, 5 young (5120K), 5 survivors (5120K)
 Metaspace       used 23328K, committed 23552K, reserved 1114112K
  class space    used 2926K, committed 3008K, reserved 1048576K
}
Event: 136.225 GC heap before
{Heap before GC invocations=5 (full 0):
 garbage-first heap   total reserved 2017280K, committed 72704K, used 56224K [0x0000000084e00000, 0x0000000100000000)
  region size 1024K, 35 young (35840K), 5 survivors (5120K)
 Metaspace       used 27351K, committed 27648K, reserved 1114112K
  class space    used 2952K, committed 3072K, reserved 1048576K
}
Event: 137.229 GC heap after
{Heap after GC invocations=6 (full 0):
 garbage-first heap   total reserved 2017280K, committed 72704K, used 20650K [0x0000000084e00000, 0x0000000100000000)
  region size 1024K, 3 young (3072K), 3 survivors (3072K)
 Metaspace       used 27351K, committed 27648K, reserved 1114112K
  class space    used 2952K, committed 3072K, reserved 1048576K
}
Event: 137.243 GC heap before
{Heap before GC invocations=6 (full 0):
 garbage-first heap   total reserved 2017280K, committed 72704K, used 21674K [0x0000000084e00000, 0x0000000100000000)
  region size 1024K, 4 young (4096K), 3 survivors (3072K)
 Metaspace       used 27351K, committed 27648K, reserved 1114112K
  class space    used 2952K, committed 3072K, reserved 1048576K
}
Event: 138.231 GC heap after
{Heap after GC invocations=7 (full 0):
 garbage-first heap   total reserved 2017280K, committed 72704K, used 20587K [0x0000000084e00000, 0x0000000100000000)
  region size 1024K, 1 young (1024K), 1 survivors (1024K)
 Metaspace       used 27351K, committed 27648K, reserved 1114112K
  class space    used 2952K, committed 3072K, reserved 1048576K
}
Event: 141.256 GC heap before
{Heap before GC invocations=7 (full 0):
 garbage-first heap   total reserved 2017280K, committed 72704K, used 22635K [0x0000000084e00000, 0x0000000100000000)
  region size 1024K, 3 young (3072K), 1 survivors (1024K)
 Metaspace       used 27351K, committed 27648K, reserved 1114112K
  class space    used 2952K, committed 3072K, reserved 1048576K
}
Event: 141.259 GC heap after
{Heap after GC invocations=8 (full 0):
 garbage-first heap   total reserved 2017280K, committed 72704K, used 20362K [0x0000000084e00000, 0x0000000100000000)
  region size 1024K, 1 young (1024K), 1 survivors (1024K)
 Metaspace       used 27351K, committed 27648K, reserved 1114112K
  class space    used 2952K, committed 3072K, reserved 1048576K
}
Event: 143.269 GC heap before
{Heap before GC invocations=8 (full 0):
 garbage-first heap   total reserved 2017280K, committed 72704K, used 22410K [0x0000000084e00000, 0x0000000100000000)
  region size 1024K, 3 young (3072K), 1 survivors (1024K)
 Metaspace       used 27351K, committed 27648K, reserved 1114112K
  class space    used 2952K, committed 3072K, reserved 1048576K
}
Event: 143.271 GC heap after
{Heap after GC invocations=9 (full 0):
 garbage-first heap   total reserved 2017280K, committed 72704K, used 20372K [0x0000000084e00000, 0x0000000100000000)
  region size 1024K, 1 young (1024K), 1 survivors (1024K)
 Metaspace       used 27351K, committed 27648K, reserved 1114112K
  class space    used 2952K, committed 3072K, reserved 1048576K
}
Event: 144.302 GC heap before
{Heap before GC invocations=9 (full 0):
 garbage-first heap   total reserved 2017280K, committed 72704K, used 22420K [0x0000000084e00000, 0x0000000100000000)
  region size 1024K, 3 young (3072K), 1 survivors (1024K)
 Metaspace       used 27351K, committed 27648K, reserved 1114112K
  class space    used 2952K, committed 3072K, reserved 1048576K
}
Event: 145.267 GC heap after
{Heap after GC invocations=10 (full 0):
 garbage-first heap   total reserved 2017280K, committed 72704K, used 20358K [0x0000000084e00000, 0x0000000100000000)
  region size 1024K, 1 young (1024K), 1 survivors (1024K)
 Metaspace       used 27351K, committed 27648K, reserved 1114112K
  class space    used 2952K, committed 3072K, reserved 1048576K
}
Event: 145.295 GC heap before
{Heap before GC invocations=10 (full 0):
 garbage-first heap   total reserved 2017280K, committed 72704K, used 22406K [0x0000000084e00000, 0x0000000100000000)
  region size 1024K, 3 young (3072K), 1 survivors (1024K)
 Metaspace       used 27351K, committed 27648K, reserved 1114112K
  class space    used 2952K, committed 3072K, reserved 1048576K
}
Event: 145.296 GC heap after
{Heap after GC invocations=11 (full 0):
 garbage-first heap   total reserved 2017280K, committed 72704K, used 20360K [0x0000000084e00000, 0x0000000100000000)
  region size 1024K, 1 young (1024K), 1 survivors (1024K)
 Metaspace       used 27351K, committed 27648K, reserved 1114112K
  class space    used 2952K, committed 3072K, reserved 1048576K
}
Event: 145.327 GC heap before
{Heap before GC invocations=11 (full 0):
 garbage-first heap   total reserved 2017280K, committed 72704K, used 22408K [0x0000000084e00000, 0x0000000100000000)
  region size 1024K, 3 young (3072K), 1 survivors (1024K)
 Metaspace       used 27353K, committed 27648K, reserved 1114112K
  class space    used 2952K, committed 3072K, reserved 1048576K
}

Dll operation events (20 events):
Event: 110.905 Loaded shared library C:\Program Files (x86)\Windows Kits\10\Redist\ucrt\DLLs\x64\api-ms-win-core-debug-l1-1-0.dll
Event: 110.911 Loaded shared library C:\Program Files (x86)\Windows Kits\10\Redist\ucrt\DLLs\x64\api-ms-win-core-rtlsupport-l1-1-0.dll
Event: 110.916 Loaded shared library C:\Program Files (x86)\Windows Kits\10\Redist\ucrt\DLLs\x64\api-ms-win-core-processthreads-l1-1-1.dll
Event: 110.921 Loaded shared library C:\Program Files (x86)\Windows Kits\10\Redist\ucrt\DLLs\x64\api-ms-win-core-file-l1-2-0.dll
Event: 110.927 Loaded shared library C:\Program Files (x86)\Windows Kits\10\Redist\ucrt\DLLs\x64\api-ms-win-core-profile-l1-1-0.dll
Event: 110.932 Loaded shared library C:\Program Files (x86)\Windows Kits\10\Redist\ucrt\DLLs\x64\api-ms-win-core-memory-l1-1-0.dll
Event: 110.939 Loaded shared library C:\Program Files (x86)\Windows Kits\10\Redist\ucrt\DLLs\x64\api-ms-win-core-util-l1-1-0.dll
Event: 110.945 Loaded shared library C:\Program Files (x86)\Windows Kits\10\Redist\ucrt\DLLs\x64\api-ms-win-core-interlocked-l1-1-0.dll
Event: 110.953 Loaded shared library C:\Program Files (x86)\Windows Kits\10\Redist\ucrt\DLLs\x64\ucrtbase.dll
Event: 110.959 Loaded shared library C:\Program Files\Java\jdk-24\bin\vcruntime140.dll
Event: 110.964 Loaded shared library C:\Program Files\Java\jdk-24\bin\vcruntime140_1.dll
Event: 110.968 Loaded shared library C:\Program Files\Java\jdk-24\bin\msvcp140.dll
Event: 110.976 Loaded shared library C:\Windows\System32\msvcp140_1.dll
Event: 110.983 Loaded shared library C:\Windows\System32\concrt140.dll
Event: 110.991 Loaded shared library C:\Windows\System32\vcomp140.dll
Event: 111.003 Loaded shared library C:\Users\priya\.javacpp\cache\openblas-0.3.26-1.5.10-windows-x86_64.jar\org\bytedeco\openblas\windows-x86_64\libopenblas_nolapack.dll
Event: 111.027 Loaded shared library C:\Users\priya\.javacpp\cache\openblas-0.3.26-1.5.10-windows-x86_64.jar\org\bytedeco\openblas\windows-x86_64\jniopenblas_nolapack.dll
Event: 111.037 Loaded shared library C:\Users\priya\.javacpp\cache\javacpp-1.5.10-windows-x86_64.jar\org\bytedeco\javacpp\windows-x86_64\jnijavacpp.dll
Event: 111.072 Loaded shared library C:\Users\priya\.javacpp\cache\openblas-0.3.26-1.5.10-windows-x86_64.jar\org\bytedeco\openblas\windows-x86_64\libopenblas.dll
Event: 130.198 Loaded shared library C:\Users\priya\.javacpp\cache\openblas-0.3.26-1.5.10-windows-x86_64.jar\org\bytedeco\openblas\windows-x86_64\jniopenblas.dll

Deoptimization events (20 events):
Event: 139.231 Thread 0x000001cdea48a240 DEOPT PACKING pc=0x000001cd968f2e6c sp=0x0000004aea9fb4b0
Event: 139.231 Thread 0x000001cdea48a240 DEOPT UNPACKING pc=0x000001cd96163402 sp=0x0000004aea9fb388 mode 2
Event: 140.234 Thread 0x000001cdea48a240 DEOPT PACKING pc=0x000001cd8f532dd8 sp=0x0000004aea9fb580
Event: 140.235 Thread 0x000001cdea48a240 DEOPT UNPACKING pc=0x000001cd95f85722 sp=0x0000004aea9faa10 mode 0
Event: 140.265 Thread 0x000001cdea48a240 DEOPT PACKING pc=0x000001cd8f532dd8 sp=0x0000004aea9fb580
Event: 140.265 Thread 0x000001cdea48a240 DEOPT UNPACKING pc=0x000001cd95f85722 sp=0x0000004aea9faa10 mode 0
Event: 142.249 Thread 0x000001cdea48a240 DEOPT PACKING pc=0x000001cd8f532dd8 sp=0x0000004aea9fb580
Event: 142.249 Thread 0x000001cdea48a240 DEOPT UNPACKING pc=0x000001cd95f85722 sp=0x0000004aea9faa10 mode 0
Event: 142.272 Thread 0x000001cdea48a240 DEOPT PACKING pc=0x000001cd8f532dd8 sp=0x0000004aea9fb580
Event: 142.272 Thread 0x000001cdea48a240 DEOPT UNPACKING pc=0x000001cd95f85722 sp=0x0000004aea9faa10 mode 0
Event: 144.268 Thread 0x000001cdea48a240 DEOPT PACKING pc=0x000001cd8f532dd8 sp=0x0000004aea9fb580
Event: 144.268 Thread 0x000001cdea48a240 DEOPT UNPACKING pc=0x000001cd95f85722 sp=0x0000004aea9faa10 mode 0
Event: 145.268 Thread 0x000001cdea48a240 DEOPT PACKING pc=0x000001cd8f532dd8 sp=0x0000004aea9fb580
Event: 145.268 Thread 0x000001cdea48a240 DEOPT UNPACKING pc=0x000001cd95f85722 sp=0x0000004aea9faa10 mode 0
Event: 145.284 Thread 0x000001cdea48a240 DEOPT PACKING pc=0x000001cd8f532dd8 sp=0x0000004aea9fb580
Event: 145.284 Thread 0x000001cdea48a240 DEOPT UNPACKING pc=0x000001cd95f85722 sp=0x0000004aea9faa10 mode 0
Event: 145.297 Thread 0x000001cdea48a240 DEOPT PACKING pc=0x000001cd8f532dd8 sp=0x0000004aea9fb580
Event: 145.297 Thread 0x000001cdea48a240 DEOPT UNPACKING pc=0x000001cd95f85722 sp=0x0000004aea9faa10 mode 0
Event: 145.317 Thread 0x000001cdea48a240 DEOPT PACKING pc=0x000001cd8f532dd8 sp=0x0000004aea9fb580
Event: 145.317 Thread 0x000001cdea48a240 DEOPT UNPACKING pc=0x000001cd95f85722 sp=0x0000004aea9faa10 mode 0

Classes loaded (20 events):
Event: 110.735 Loading class java/lang/annotation/RetentionPolicy
Event: 110.735 Loading class java/lang/annotation/RetentionPolicy done
Event: 110.735 Loading class sun/reflect/annotation/AnnotationTypeMismatchExceptionProxy
Event: 110.735 Loading class sun/reflect/annotation/AnnotationTypeMismatchExceptionProxy done
Event: 110.735 Loading class sun/reflect/annotation/AnnotationInvocationHandler
Event: 110.736 Loading class sun/reflect/annotation/AnnotationInvocationHandler done
Event: 110.737 Loading class java/lang/annotation/Target
Event: 110.737 Loading class java/lang/annotation/Target done
Event: 110.742 Loading class java/lang/Class$AnnotationData
Event: 110.742 Loading class java/lang/Class$AnnotationData done
Event: 110.746 Loading class java/util/regex/Pattern$BnM
Event: 110.746 Loading class java/util/regex/Pattern$BnM done
Event: 110.746 Loading class java/util/regex/Pattern$SliceS
Event: 110.747 Loading class java/util/regex/Pattern$SliceS done
Event: 110.747 Loading class java/lang/SecurityManager
Event: 110.747 Loading class java/lang/SecurityManager done
Event: 110.747 Loading class java/lang/SecurityManager$StackWalkerHolder
Event: 110.747 Loading class java/lang/SecurityManager$StackWalkerHolder done
Event: 110.750 Loading class java/util/ArrayList$ListItr
Event: 110.750 Loading class java/util/ArrayList$ListItr done

Classes unloaded (0 events):
No events

Classes redefined (0 events):
No events

Internal exceptions (20 events):
Event: 59.942 Thread 0x000001cdea48a240 Exception <a 'java/lang/NoSuchMethodError'{0x000000008c47f158}: 'void java.lang.invoke.DirectMethodHandle$Holder.invokeSpecial(java.lang.Object, java.lang.Object, int)'> (0x000000008c47f158) 
thrown [s\open\src\hotspot\share\interpreter\linkResolver.cpp, line 805]
Event: 59.943 Thread 0x000001cdea48a240 Exception <a 'java/lang/NoSuchMethodError'{0x000000008c4b1fd0}: 'void java.lang.invoke.Invokers$Holder.invokeExact_MT(java.lang.Object, int, java.lang.Object)'> (0x000000008c4b1fd0) 
thrown [s\open\src\hotspot\share\interpreter\linkResolver.cpp, line 805]
Event: 59.944 Thread 0x000001cdea48a240 Exception <a 'java/lang/NoSuchMethodError'{0x000000008c4dc5d8}: 'void java.lang.invoke.Invokers$Holder.invokeExact_MT(java.lang.Object, java.lang.Object, java.lang.Object, java.lang.Object)'> (0x000000008c4dc5d8) 
thrown [s\open\src\hotspot\share\interpreter\linkResolver.cpp, line 805]
Event: 59.944 Thread 0x000001cdea48a240 Exception <a 'java/lang/NoSuchMethodError'{0x000000008c4f5db0}: 'long java.lang.invoke.DirectMethodHandle$Holder.invokeSpecial(java.lang.Object, java.lang.Object, java.lang.Object)'> (0x000000008c4f5db0) 
thrown [s\open\src\hotspot\share\interpreter\linkResolver.cpp, line 805]
Event: 59.945 Thread 0x000001cdea48a240 Exception <a 'java/lang/NoSuchMethodError'{0x000000008c4fe0b8}: 'long java.lang.invoke.DelegatingMethodHandle$Holder.reinvoke_L(java.lang.Object, java.lang.Object)'> (0x000000008c4fe0b8) 
thrown [s\open\src\hotspot\share\interpreter\linkResolver.cpp, line 805]
Event: 59.945 Thread 0x000001cdea48a240 Exception <a 'java/lang/NoSuchMethodError'{0x000000008c316c10}: 'void java.lang.invoke.DelegatingMethodHandle$Holder.reinvoke_L(java.lang.Object, java.lang.Object, long)'> (0x000000008c316c10) 
thrown [s\open\src\hotspot\share\interpreter\linkResolver.cpp, line 805]
Event: 59.946 Thread 0x000001cdea48a240 Exception <a 'java/lang/NoSuchMethodError'{0x000000008c327080}: 'long java.lang.invoke.Invokers$Holder.invokeExact_MT(java.lang.Object, java.lang.Object, java.lang.Object)'> (0x000000008c327080) 
thrown [s\open\src\hotspot\share\interpreter\linkResolver.cpp, line 805]
Event: 59.948 Thread 0x000001cdea48a240 Exception <a 'java/lang/NoSuchMethodError'{0x000000008c359ad8}: 'void java.lang.invoke.DelegatingMethodHandle$Holder.reinvoke_L(java.lang.Object, java.lang.Object, int)'> (0x000000008c359ad8) 
thrown [s\open\src\hotspot\share\interpreter\linkResolver.cpp, line 805]
Event: 59.948 Thread 0x000001cdea48a240 Exception <a 'java/lang/NoSuchMethodError'{0x000000008c369e88}: 'int java.lang.invoke.Invokers$Holder.invokeExact_MT(java.lang.Object, java.lang.Object, java.lang.Object)'> (0x000000008c369e88) 
thrown [s\open\src\hotspot\share\interpreter\linkResolver.cpp, line 805]
Event: 59.948 Thread 0x000001cdea48a240 Exception <a 'java/lang/NoSuchMethodError'{0x000000008c372278}: 'void java.lang.invoke.Invokers$Holder.invokeExact_MT(java.lang.Object, java.lang.Object, int, java.lang.Object)'> (0x000000008c372278) 
thrown [s\open\src\hotspot\share\interpreter\linkResolver.cpp, line 805]
Event: 59.978 Thread 0x000001cdea48a240 Exception <a 'java/lang/NoSuchMethodError'{0x000000008c2c1f88}: 'java.lang.Object java.lang.invoke.DirectMethodHandle$Holder.invokeInterface(java.lang.Object, java.lang.Object)'> (0x000000008c2c1f88) 
thrown [s\open\src\hotspot\share\interpreter\linkResolver.cpp, line 805]
Event: 59.993 Thread 0x000001cdea48a240 Exception <a 'java/lang/NoSuchMethodError'{0x000000008bfa72e8}: 'java.lang.Object java.lang.invoke.DirectMethodHandle$Holder.invokeVirtual(java.lang.Object, java.lang.Object, java.lang.Object)'> (0x000000008bfa72e8) 
thrown [s\open\src\hotspot\share\interpreter\linkResolver.cpp, line 805]
Event: 60.251 Thread 0x000001cdf08cfe60 Exception <a 'java/lang/NoSuchMethodError'{0x000000008c980b50}: 'int java.lang.invoke.DirectMethodHandle$Holder.invokeStatic(java.lang.Object, int, java.lang.Object)'> (0x000000008c980b50) 
thrown [s\open\src\hotspot\share\interpreter\linkResolver.cpp, line 805]
Event: 60.261 Thread 0x000001cdea48a240 Exception <a 'java/io/FileNotFoundException'{0x00000000887ba3a8}> (0x00000000887ba3a8) 
thrown [s\open\src\hotspot\share\prims\jni.cpp, line 518]
Event: 60.312 Thread 0x000001cdea48a240 Exception <a 'java/io/FileNotFoundException'{0x000000008827c9b0}> (0x000000008827c9b0) 
thrown [s\open\src\hotspot\share\prims\jni.cpp, line 518]
Event: 60.315 Thread 0x000001cdea48a240 Exception <a 'java/io/FileNotFoundException'{0x00000000882be130}> (0x00000000882be130) 
thrown [s\open\src\hotspot\share\prims\jni.cpp, line 518]
Event: 60.340 Thread 0x000001cdea48a240 Implicit null exception at 0x000001cd96814605 to 0x000001cd96814668
Event: 81.584 Thread 0x000001cdea48a240 Exception <a 'java/lang/NoSuchMethodError'{0x000000008774ccc0}: 'java.lang.Object java.lang.invoke.DirectMethodHandle$Holder.newInvokeSpecial(java.lang.Object, java.lang.Object, java.lang.Object, double, double, double, double, int, int, int, int, int, int, int, int, int)'> (0x000000008774ccc0) 
thrown [s\open\src\hotspot\share\interpreter\linkResolver.cpp, line 805]
Event: 108.426 Thread 0x000001cda4f2e1b0 Implicit null exception at 0x000001cd968c8d8d to 0x000001cd968cab00
Event: 108.655 Thread 0x000001cda4f2e1b0 Implicit null exception at 0x000001cd9686e6ce to 0x000001cd9686e73c

VM Operations (20 events):
Event: 110.750 Executing VM operation: HandshakeAllThreads (Deoptimize) done
Event: 110.881 Executing VM operation: G1CollectForAllocation (G1 Evacuation Pause)
Event: 110.885 Executing VM operation: G1CollectForAllocation (G1 Evacuation Pause) done
Event: 120.226 Executing VM operation: HandshakeAllThreads (HandshakeForDeflation)
Event: 124.163 Executing VM operation: HandshakeAllThreads (HandshakeForDeflation) done
Event: 124.163 Executing VM operation: RendezvousGCThreads
Event: 124.163 Executing VM operation: RendezvousGCThreads done
Event: 136.225 Executing VM operation: G1CollectForAllocation (G1 Evacuation Pause)
Event: 137.229 Executing VM operation: G1CollectForAllocation (G1 Evacuation Pause) done
Event: 137.243 Executing VM operation: G1CollectForAllocation (G1 Evacuation Pause)
Event: 138.231 Executing VM operation: G1CollectForAllocation (G1 Evacuation Pause) done
Event: 140.272 Executing VM operation: G1CollectForAllocation (G1 Evacuation Pause)
Event: 141.259 Executing VM operation: G1CollectForAllocation (G1 Evacuation Pause) done
Event: 142.275 Executing VM operation: G1CollectForAllocation (G1 Evacuation Pause)
Event: 143.271 Executing VM operation: G1CollectForAllocation (G1 Evacuation Pause) done
Event: 144.302 Executing VM operation: G1CollectForAllocation (G1 Evacuation Pause)
Event: 145.267 Executing VM operation: G1CollectForAllocation (G1 Evacuation Pause) done
Event: 145.295 Executing VM operation: G1CollectForAllocation (G1 Evacuation Pause)
Event: 145.296 Executing VM operation: G1CollectForAllocation (G1 Evacuation Pause) done
Event: 145.327 Executing VM operation: G1CollectForAllocation (G1 Evacuation Pause)

Memory protections (0 events):
No events

Nmethod flushes (0 events):
No events

Events (20 events):
Event: 60.148 Thread 0x000001cdea48a240 Thread added: 0x000001cdf08cfe60
Event: 60.264 Thread 0x000001cdf80087b0 Thread added: 0x000001cdf80c02e0
Event: 61.386 Thread 0x000001cdf80c02e0 Thread exited: 0x000001cdf80c02e0
Event: 61.386 Thread 0x000001cdf7b18ad0 Thread exited: 0x000001cdf7b18ad0
Event: 61.386 Thread 0x000001cdf80087b0 Thread exited: 0x000001cdf80087b0
Event: 61.934 Thread 0x000001cda49f2bf0 Thread exited: 0x000001cda49f2bf0
Event: 71.637 Thread 0x000001cdf7b18340 Thread exited: 0x000001cdf7b18340
Event: 73.709 Thread 0x000001cdf095e170 Thread exited: 0x000001cdf095e170
Event: 74.509 Thread 0x000001cda383e0f0 Thread added: 0x000001cdf7a1f000
Event: 74.664 Thread 0x000001cdf7a1f000 Thread exited: 0x000001cdf7a1f000
Event: 83.969 Thread 0x000001cda41d8e50 Thread added: 0x000001cdf7a1f000
Event: 85.440 Thread 0x000001cdf7a1f000 Thread exited: 0x000001cdf7a1f000
Event: 110.741 Thread 0x000001cda383e0f0 Thread added: 0x000001cdf10a0d30
Event: 110.770 Thread 0x000001cda383e0f0 Thread added: 0x000001cdf8894090
Event: 110.993 Thread 0x000001cda383e0f0 Thread added: 0x000001cdf0c92030
Event: 111.032 Thread 0x000001cdea48a240 Thread added: 0x000001cdf08cf710
Event: 116.079 Thread 0x000001cdf8894090 Thread exited: 0x000001cdf8894090
Event: 116.079 Thread 0x000001cdf10a0d30 Thread exited: 0x000001cdf10a0d30
Event: 116.079 Thread 0x000001cdf0c92030 Thread exited: 0x000001cdf0c92030
Event: 140.237 Thread 0x000001cda383e0f0 Thread added: 0x000001cdf10a0d30


Dynamic libraries:
0x00007ff6af770000 - 0x00007ff6af780000 	C:\Program Files\Java\jdk-24\bin\java.exe
0x00007ffc20600000 - 0x00007ffc20868000 	C:\WINDOWS\SYSTEM32\ntdll.dll
0x00007ffc1ed20000 - 0x00007ffc1ede9000 	C:\WINDOWS\System32\KERNEL32.DLL
0x00007ffc1df10000 - 0x00007ffc1e302000 	C:\WINDOWS\System32\KERNELBASE.dll
0x00007ffc1d840000 - 0x00007ffc1d98b000 	C:\WINDOWS\System32\ucrtbase.dll
0x00007ffbe9020000 - 0x00007ffbe9036000 	C:\Program Files\Java\jdk-24\bin\jli.dll
0x00007ffbe9040000 - 0x00007ffbe905b000 	C:\Program Files\Java\jdk-24\bin\VCRUNTIME140.dll
0x00007ffc1f2a0000 - 0x00007ffc1f465000 	C:\WINDOWS\System32\USER32.dll
0x00007ffc1dc30000 - 0x00007ffc1dc57000 	C:\WINDOWS\System32\win32u.dll
0x00007ffbfe440000 - 0x00007ffbfe6d3000 	C:\WINDOWS\WinSxS\amd64_microsoft.windows.common-controls_6595b64144ccf1df_6.0.26100.6899_none_3e0efeeae32e88c1\COMCTL32.dll
0x00007ffc1e490000 - 0x00007ffc1e4bb000 	C:\WINDOWS\System32\GDI32.dll
0x00007ffc1dc60000 - 0x00007ffc1dd8d000 	C:\WINDOWS\System32\gdi32full.dll
0x00007ffc1e3d0000 - 0x00007ffc1e479000 	C:\WINDOWS\System32\msvcrt.dll
0x00007ffc1d790000 - 0x00007ffc1d833000 	C:\WINDOWS\System32\msvcp_win.dll
0x00007ffc1ff40000 - 0x00007ffc1ff6f000 	C:\WINDOWS\System32\IMM32.DLL
0x00007ffbe9010000 - 0x00007ffbe901c000 	C:\Program Files\Java\jdk-24\bin\vcruntime140_1.dll
0x00007ffbc8fa0000 - 0x00007ffbc902e000 	C:\Program Files\Java\jdk-24\bin\msvcp140.dll
0x00007ffb37e50000 - 0x00007ffb38bf1000 	C:\Program Files\Java\jdk-24\bin\server\jvm.dll
0x00007ffc1edf0000 - 0x00007ffc1eea4000 	C:\WINDOWS\System32\ADVAPI32.dll
0x00007ffc1f120000 - 0x00007ffc1f1c6000 	C:\WINDOWS\System32\sechost.dll
0x00007ffc1e950000 - 0x00007ffc1ea68000 	C:\WINDOWS\System32\RPCRT4.dll
0x00007ffc1f1d0000 - 0x00007ffc1f244000 	C:\WINDOWS\System32\WS2_32.dll
0x00007ffc1c3c0000 - 0x00007ffc1c41e000 	C:\WINDOWS\SYSTEM32\POWRPROF.dll
0x00007ffc15580000 - 0x00007ffc155b5000 	C:\WINDOWS\SYSTEM32\WINMM.dll
0x00007ffc15600000 - 0x00007ffc1560b000 	C:\WINDOWS\SYSTEM32\VERSION.dll
0x00007ffc1c3a0000 - 0x00007ffc1c3b4000 	C:\WINDOWS\SYSTEM32\UMPDC.dll
0x00007ffc1c680000 - 0x00007ffc1c69b000 	C:\WINDOWS\SYSTEM32\kernel.appcore.dll
0x00007ffbe9000000 - 0x00007ffbe900a000 	C:\Program Files\Java\jdk-24\bin\jimage.dll
0x00007ffc1ae30000 - 0x00007ffc1b072000 	C:\WINDOWS\SYSTEM32\DBGHELP.DLL
0x00007ffc1fbc0000 - 0x00007ffc1ff3b000 	C:\WINDOWS\System32\combase.dll
0x00007ffc1eeb0000 - 0x00007ffc1ef87000 	C:\WINDOWS\System32\OLEAUT32.dll
0x00007ffc052e0000 - 0x00007ffc0531c000 	C:\WINDOWS\SYSTEM32\dbgcore.DLL
0x00007ffc1d990000 - 0x00007ffc1da28000 	C:\WINDOWS\System32\bcryptPrimitives.dll
0x00007ffbe40b0000 - 0x00007ffbe40ce000 	C:\Program Files\Java\jdk-24\bin\java.dll
0x00007ffc1e4c0000 - 0x00007ffc1e658000 	C:\WINDOWS\System32\ole32.dll
0x00007ffc1f470000 - 0x00007ffc1fbbd000 	C:\WINDOWS\System32\SHELL32.dll
0x00007ffc1da30000 - 0x00007ffc1db9b000 	C:\WINDOWS\System32\wintypes.dll
0x00007ffc1b400000 - 0x00007ffc1bc5d000 	C:\WINDOWS\SYSTEM32\windows.storage.dll
0x00007ffc1ef90000 - 0x00007ffc1f082000 	C:\WINDOWS\System32\SHCORE.dll
0x00007ffc1f0b0000 - 0x00007ffc1f112000 	C:\WINDOWS\System32\shlwapi.dll
0x00007ffc1d6b0000 - 0x00007ffc1d6d9000 	C:\WINDOWS\SYSTEM32\profapi.dll
0x00007ffba9700000 - 0x00007ffba97d7000 	C:\Program Files\Java\jdk-24\bin\jsvml.dll
0x00007ffbe8ff0000 - 0x00007ffbe9000000 	C:\Program Files\Java\jdk-24\bin\net.dll
0x00007ffc1cbf0000 - 0x00007ffc1cc5b000 	C:\WINDOWS\system32\mswsock.dll
0x00007ffbe4090000 - 0x00007ffbe40a6000 	C:\Program Files\Java\jdk-24\bin\nio.dll
0x00007ffbe3f80000 - 0x00007ffbe3f97000 	C:\Program Files\Java\jdk-24\bin\zip.dll
0x000001cd848a0000 - 0x000001cd848a3000 	C:\Users\priya\.openjfx\cache\21.0.5+1\amd64\api-ms-win-core-console-l1-1-0.dll
0x000001cd848b0000 - 0x000001cd848b3000 	C:\Users\priya\.openjfx\cache\21.0.5+1\amd64\api-ms-win-core-console-l1-2-0.dll
0x000001cd848c0000 - 0x000001cd848c3000 	C:\Users\priya\.openjfx\cache\21.0.5+1\amd64\api-ms-win-core-datetime-l1-1-0.dll
0x000001cd848d0000 - 0x000001cd848d3000 	C:\Users\priya\.openjfx\cache\21.0.5+1\amd64\api-ms-win-core-debug-l1-1-0.dll
0x000001cd848e0000 - 0x000001cd848e3000 	C:\Users\priya\.openjfx\cache\21.0.5+1\amd64\api-ms-win-core-errorhandling-l1-1-0.dll
0x000001cd848f0000 - 0x000001cd848f4000 	C:\Users\priya\.openjfx\cache\21.0.5+1\amd64\api-ms-win-core-file-l1-1-0.dll
0x000001cd84900000 - 0x000001cd84903000 	C:\Users\priya\.openjfx\cache\21.0.5+1\amd64\api-ms-win-core-file-l1-2-0.dll
0x000001cd84910000 - 0x000001cd84913000 	C:\Users\priya\.openjfx\cache\21.0.5+1\amd64\api-ms-win-core-file-l2-1-0.dll
0x000001cd84920000 - 0x000001cd84923000 	C:\Users\priya\.openjfx\cache\21.0.5+1\amd64\api-ms-win-core-handle-l1-1-0.dll
0x000001cda4f30000 - 0x000001cda4f33000 	C:\Users\priya\.openjfx\cache\21.0.5+1\amd64\api-ms-win-core-heap-l1-1-0.dll
0x000001cda4f40000 - 0x000001cda4f43000 	C:\Users\priya\.openjfx\cache\21.0.5+1\amd64\api-ms-win-core-interlocked-l1-1-0.dll
0x000001cda4f50000 - 0x000001cda4f53000 	C:\Users\priya\.openjfx\cache\21.0.5+1\amd64\api-ms-win-core-libraryloader-l1-1-0.dll
0x000001cda4f60000 - 0x000001cda4f63000 	C:\Users\priya\.openjfx\cache\21.0.5+1\amd64\api-ms-win-core-localization-l1-2-0.dll
0x000001cda4f70000 - 0x000001cda4f73000 	C:\Users\priya\.openjfx\cache\21.0.5+1\amd64\api-ms-win-core-memory-l1-1-0.dll
0x000001cda4f80000 - 0x000001cda4f83000 	C:\Users\priya\.openjfx\cache\21.0.5+1\amd64\api-ms-win-core-namedpipe-l1-1-0.dll
0x000001cda4f90000 - 0x000001cda4f93000 	C:\Users\priya\.openjfx\cache\21.0.5+1\amd64\api-ms-win-core-processenvironment-l1-1-0.dll
0x000001cda4fa0000 - 0x000001cda4fa3000 	C:\Users\priya\.openjfx\cache\21.0.5+1\amd64\api-ms-win-core-processthreads-l1-1-0.dll
0x000001cda4fb0000 - 0x000001cda4fb3000 	C:\Users\priya\.openjfx\cache\21.0.5+1\amd64\api-ms-win-core-processthreads-l1-1-1.dll
0x000001cda4fc0000 - 0x000001cda4fc3000 	C:\Users\priya\.openjfx\cache\21.0.5+1\amd64\api-ms-win-core-profile-l1-1-0.dll
0x000001cda4fd0000 - 0x000001cda4fd3000 	C:\Users\priya\.openjfx\cache\21.0.5+1\amd64\api-ms-win-core-rtlsupport-l1-1-0.dll
0x000001cda4fe0000 - 0x000001cda4fe3000 	C:\Users\priya\.openjfx\cache\21.0.5+1\amd64\api-ms-win-core-string-l1-1-0.dll
0x000001cda4ff0000 - 0x000001cda4ff3000 	C:\Users\priya\.openjfx\cache\21.0.5+1\amd64\api-ms-win-core-synch-l1-1-0.dll
0x000001cdea000000 - 0x000001cdea003000 	C:\Users\priya\.openjfx\cache\21.0.5+1\amd64\api-ms-win-core-synch-l1-2-0.dll
0x000001cdea010000 - 0x000001cdea013000 	C:\Users\priya\.openjfx\cache\21.0.5+1\amd64\api-ms-win-core-sysinfo-l1-1-0.dll
0x000001cdea020000 - 0x000001cdea023000 	C:\Users\priya\.openjfx\cache\21.0.5+1\amd64\api-ms-win-core-timezone-l1-1-0.dll
0x000001cdea030000 - 0x000001cdea033000 	C:\Users\priya\.openjfx\cache\21.0.5+1\amd64\api-ms-win-core-util-l1-1-0.dll
0x000001cdea040000 - 0x000001cdea043000 	C:\Users\priya\.openjfx\cache\21.0.5+1\amd64\api-ms-win-crt-conio-l1-1-0.dll
0x000001cdea050000 - 0x000001cdea054000 	C:\Users\priya\.openjfx\cache\21.0.5+1\amd64\api-ms-win-crt-convert-l1-1-0.dll
0x000001cdea060000 - 0x000001cdea063000 	C:\Users\priya\.openjfx\cache\21.0.5+1\amd64\api-ms-win-crt-environment-l1-1-0.dll
0x000001cdea070000 - 0x000001cdea073000 	C:\Users\priya\.openjfx\cache\21.0.5+1\amd64\api-ms-win-crt-filesystem-l1-1-0.dll
0x000001cdea080000 - 0x000001cdea083000 	C:\Users\priya\.openjfx\cache\21.0.5+1\amd64\api-ms-win-crt-heap-l1-1-0.dll
0x000001cdea090000 - 0x000001cdea093000 	C:\Users\priya\.openjfx\cache\21.0.5+1\amd64\api-ms-win-crt-locale-l1-1-0.dll
0x000001cdea0a0000 - 0x000001cdea0a5000 	C:\Users\priya\.openjfx\cache\21.0.5+1\amd64\api-ms-win-crt-math-l1-1-0.dll
0x000001cdea0b0000 - 0x000001cdea0b5000 	C:\Users\priya\.openjfx\cache\21.0.5+1\amd64\api-ms-win-crt-multibyte-l1-1-0.dll
0x000001cdea0c0000 - 0x000001cdea0d0000 	C:\Users\priya\.openjfx\cache\21.0.5+1\amd64\api-ms-win-crt-private-l1-1-0.dll
0x000001cdea0d0000 - 0x000001cdea0d3000 	C:\Users\priya\.openjfx\cache\21.0.5+1\amd64\api-ms-win-crt-process-l1-1-0.dll
0x000001cdea0e0000 - 0x000001cdea0e4000 	C:\Users\priya\.openjfx\cache\21.0.5+1\amd64\api-ms-win-crt-runtime-l1-1-0.dll
0x000001cdea0f0000 - 0x000001cdea0f4000 	C:\Users\priya\.openjfx\cache\21.0.5+1\amd64\api-ms-win-crt-stdio-l1-1-0.dll
0x000001cdea100000 - 0x000001cdea104000 	C:\Users\priya\.openjfx\cache\21.0.5+1\amd64\api-ms-win-crt-string-l1-1-0.dll
0x000001cdea110000 - 0x000001cdea113000 	C:\Users\priya\.openjfx\cache\21.0.5+1\amd64\api-ms-win-crt-time-l1-1-0.dll
0x000001cdea120000 - 0x000001cdea123000 	C:\Users\priya\.openjfx\cache\21.0.5+1\amd64\api-ms-win-crt-utility-l1-1-0.dll
0x00007ffba11d0000 - 0x00007ffba12cc000 	C:\Users\priya\.openjfx\cache\21.0.5+1\amd64\ucrtbase.dll
0x00007ffbe1dd0000 - 0x00007ffbe1deb000 	C:\Users\priya\.openjfx\cache\21.0.5+1\amd64\vcruntime140.dll
0x00007ffbe4b10000 - 0x00007ffbe4b1c000 	C:\Users\priya\.openjfx\cache\21.0.5+1\amd64\vcruntime140_1.dll
0x00007ffbadc00000 - 0x00007ffbadc8e000 	C:\Users\priya\.openjfx\cache\21.0.5+1\amd64\msvcp140.dll
0x00007ffbe4170000 - 0x00007ffbe4179000 	C:\Users\priya\.openjfx\cache\21.0.5+1\amd64\msvcp140_1.dll
0x00007ffbd5a20000 - 0x00007ffbd5a61000 	C:\Users\priya\.openjfx\cache\21.0.5+1\amd64\msvcp140_2.dll
0x00007ffbdc9f0000 - 0x00007ffbdca20000 	C:\Users\priya\.openjfx\cache\21.0.5+1\amd64\prism_d3d.dll
0x00007ffbd7f00000 - 0x00007ffbd80b0000 	C:\WINDOWS\system32\d3d9.dll
0x00007ffc1a770000 - 0x00007ffc1a79d000 	C:\WINDOWS\SYSTEM32\dwmapi.dll
0x00007ffc1a7d0000 - 0x00007ffc1a814000 	C:\WINDOWS\SYSTEM32\dxcore.dll
0x00007ffc1a2d0000 - 0x00007ffc1a37a000 	C:\WINDOWS\system32\uxtheme.dll
0x00007ffb3d1a0000 - 0x00007ffb3d43f000 	C:\WINDOWS\System32\DriverStore\FileRepository\iigd_dch.inf_amd64_7138826cfb63f3f9\igdumdim64.dll
0x00007ffb36440000 - 0x00007ffb37e48000 	C:\WINDOWS\System32\DriverStore\FileRepository\iigd_dch.inf_amd64_7138826cfb63f3f9\igd9trinity64.dll
0x00007ffc1a630000 - 0x00007ffc1a76b000 	C:\WINDOWS\system32\dxgi.dll
0x00007ffc12380000 - 0x00007ffc1292a000 	C:\WINDOWS\System32\DriverStore\FileRepository\iigd_dch.inf_amd64_7138826cfb63f3f9\igdgmm64.dll
0x00007ffc0cf80000 - 0x00007ffc121f4000 	C:\WINDOWS\System32\DriverStore\FileRepository\iigd_dch.inf_amd64_7138826cfb63f3f9\igc64.dll
0x00007ffc1d450000 - 0x00007ffc1d4a7000 	C:\WINDOWS\SYSTEM32\CFGMGR32.dll
0x00007ffc16020000 - 0x00007ffc16083000 	C:\WINDOWS\SYSTEM32\directxdatabasehelper.dll
0x00007ffb20ac0000 - 0x00007ffb221e4000 	C:\WINDOWS\System32\DriverStore\FileRepository\iigd_dch.inf_amd64_7138826cfb63f3f9\igd9dxva64.dll
0x00007ffc20010000 - 0x00007ffc20498000 	C:\WINDOWS\System32\SETUPAPI.dll
0x00007ffc009d0000 - 0x00007ffc02a50000 	C:\WINDOWS\System32\DriverStore\FileRepository\iigd_dch.inf_amd64_7138826cfb63f3f9\media_bin_64.dll
0x00007ffbc7240000 - 0x00007ffbc7282000 	C:\Users\priya\.openjfx\cache\21.0.5+1\amd64\glass.dll
0x00007ffc204a0000 - 0x00007ffc20593000 	C:\WINDOWS\System32\COMDLG32.dll
0x00007ffc1eb00000 - 0x00007ffc1ec5b000 	C:\WINDOWS\System32\MSCTF.dll
0x00007ffb7ca80000 - 0x00007ffb7cc22000 	C:\WINDOWS\System32\DriverStore\FileRepository\iigd_dch.inf_amd64_7138826cfb63f3f9\igdml64.dll
0x00007ffc0cd50000 - 0x00007ffc0cd78000 	C:\WINDOWS\System32\DriverStore\FileRepository\iigd_dch.inf_amd64_7138826cfb63f3f9\igdinfo64.dll
0x00007ffbdf7d0000 - 0x00007ffbdf7e5000 	C:\Users\priya\.openjfx\cache\21.0.5+1\amd64\javafx_font.dll
0x00007ffc18720000 - 0x00007ffc18987000 	C:\WINDOWS\SYSTEM32\dwrite.dll
0x00007ffc1ec60000 - 0x00007ffc1ed11000 	C:\WINDOWS\System32\clbcatq.dll
0x00007ffc17ac0000 - 0x00007ffc17cf0000 	C:\WINDOWS\SYSTEM32\WindowsCodecs.dll
0x00007ffbd7e60000 - 0x00007ffbd7eba000 	C:\WINDOWS\system32\dataexchange.dll
0x00007ffc0c6d0000 - 0x00007ffc0c915000 	C:\WINDOWS\system32\twinapi.appcore.dll
0x00007ffbd5f40000 - 0x00007ffbd5f6c000 	C:\Program Files\Common Files\Microsoft Shared\Ink\rtscom.dll
0x00007ffc00690000 - 0x00007ffc007da000 	C:\WINDOWS\SYSTEM32\textinputframework.dll
0x00007ffc19040000 - 0x00007ffc19165000 	C:\WINDOWS\SYSTEM32\CoreMessaging.dll
0x00007ffc14110000 - 0x00007ffc143f3000 	C:\WINDOWS\SYSTEM32\CoreUIComponents.dll
0x00007ffc1cec0000 - 0x00007ffc1cecc000 	C:\WINDOWS\SYSTEM32\CRYPTBASE.DLL
0x00007ffc180e0000 - 0x00007ffc1871c000 	C:\WINDOWS\SYSTEM32\d2d1.dll
0x00007ffc17e70000 - 0x00007ffc180d2000 	C:\WINDOWS\SYSTEM32\d3d11.dll
0x00007ffbbeb30000 - 0x00007ffbbf0db000 	C:\WINDOWS\SYSTEM32\D3D10Warp.dll
0x00007ffbe8820000 - 0x00007ffbe8830000 	C:\Program Files\Java\jdk-24\bin\verify.dll

JVMTI agents: none

dbghelp: loaded successfully - version: 4.0.5 - missing functions: none
symbol engine: initialized successfully - sym options: 0x614 - pdb path: .;C:\Program Files\Java\jdk-24\bin;C:\WINDOWS\SYSTEM32;C:\WINDOWS\WinSxS\amd64_microsoft.windows.common-controls_6595b64144ccf1df_6.0.26100.6899_none_3e0efeeae32e88c1;C:\Program Files\Java\jdk-24\bin\server;C:\Users\priya\.openjfx\cache\21.0.5+1\amd64;C:\WINDOWS\System32\DriverStore\FileRepository\iigd_dch.inf_amd64_7138826cfb63f3f9;C:\Program Files\Common Files\Microsoft Shared\Ink;C:\Program Files (x86)\Windows Kits\10\Redist\ucrt\DLLs\x64;C:\Users\priya\.javacpp\cache\openblas-0.3.26-1.5.10-windows-x86_64.jar\org\bytedeco\openblas\windows-x86_64;C:\Users\priya\.javacpp\cache\javacpp-1.5.10-windows-x86_64.jar\org\bytedeco\javacpp\windows-x86_64

VM Arguments:
jvm_args: --add-modules=javafx.controls,javafx.fxml --enable-native-access=javafx.graphics --enable-native-access=ALL-UNNAMED --module-path=C:\Users\priya\.m2\repository\org\openjfx\javafx-base\21.0.5\javafx-base-21.0.5-win.jar;C:\Users\priya\.m2\repository\org\openjfx\javafx-base\21.0.5\javafx-base-21.0.5.jar;C:\Users\priya\.m2\repository\org\openjfx\javafx-controls\21.0.5\javafx-controls-21.0.5-win.jar;C:\Users\priya\.m2\repository\org\openjfx\javafx-controls\21.0.5\javafx-controls-21.0.5.jar;C:\Users\priya\.m2\repository\org\openjfx\javafx-fxml\21.0.5\javafx-fxml-21.0.5-win.jar;C:\Users\priya\.m2\repository\org\openjfx\javafx-fxml\21.0.5\javafx-fxml-21.0.5.jar;C:\Users\priya\.m2\repository\org\openjfx\javafx-graphics\21.0.5\javafx-graphics-21.0.5-win.jar;C:\Users\priya\.m2\repository\org\openjfx\javafx-graphics\21.0.5\javafx-graphics-21.0.5.jar --add-modules=javafx.base,javafx.controls,javafx.fxml,javafx.graphics 
java_command: com.priya.neurosyncdemo.App
java_class_path (initial): C:\Java IntelliJ Programming\NeurosyncDemo\target\classes;C:\Users\priya\.m2\repository\com\google\protobuf\protobuf-java\3.25.1\protobuf-java-3.25.1.jar;C:\Users\priya\.m2\repository\com\mysql\mysql-connector-j\8.3.0\mysql-connector-j-8.3.0.jar;C:\Users\priya\.m2\repository\com\zaxxer\HikariCP\5.1.0\HikariCP-5.1.0.jar;C:\Users\priya\.m2\repository\commons-codec\commons-codec\1.15\commons-codec-1.15.jar;C:\Users\priya\.m2\repository\commons-logging\commons-logging\1.2\commons-logging-1.2.jar;C:\Users\priya\.m2\repository\io\netty\netty-buffer\4.1.108.Final\netty-buffer-4.1.108.Final.jar;C:\Users\priya\.m2\repository\io\netty\netty-codec\4.1.108.Final\netty-codec-4.1.108.Final.jar;C:\Users\priya\.m2\repository\io\netty\netty-codec-http\4.1.108.Final\netty-codec-http-4.1.108.Final.jar;C:\Users\priya\.m2\repository\io\netty\netty-codec-http2\4.1.108.Final\netty-codec-http2-4.1.108.Final.jar;C:\Users\priya\.m2\repository\io\netty\netty-common\4.1.108.Final\netty-common-4.1.108.Final.jar;C:\Users\priya\.m2\repository\io\netty\netty-handler\4.1.108.Final\netty-handler-4.1.108.Final.jar;C:\Users\priya\.m2\repository\io\netty\netty-resolver\4.1.108.Final\netty-resolver-4.1.108.Final.jar;C:\Users\priya\.m2\repository\io\netty\netty-transport\4.1.108.Final\netty-transport-4.1.108.Final.jar;C:\Users\priya\.m2\repository\io\netty\netty-transport-classes-epoll\4.1.108.Final\netty-transport-classes-epoll-4.1.108.Final.jar;C:\Users\priya\.m2\repository\io\netty\netty-transport-native-unix-common\4.1.108.Final\netty-transport-native-unix-common-4.1.108.Final.jar;C:\Users\priya\.m2\repository\org\apache\httpcomponents\httpclient\4.5.13\httpclient-4.5.13.jar;C:\Users\priya\.m2\repository\org\apache\httpcomponents\httpcore\4.4.13\httpcore-4.4.13.jar;C:\Users\priya\.m2\repository\org\bytedeco\artoolkitplus\2.3.1-1.5.9\artoolkitplus-2.3.1-1.5.9-android-arm.jar;C:\Users\priya\.m2\repository\org\bytedeco\artoolkitplus\2.3.1-1.5.9\artoolkitplus-2.3.1-1.5.9-android-arm64.jar;C:\Users\priya\.m2\repository\org\bytedeco\artoolkitplus\2.3.1-1.5.9\artoolkitplus-2.3.1-1.5.9-android-x86.jar;C:\Users\priya\.m2\repository\org\bytedeco\artoolkitplus\2.3.1-1.5.9\artoolkitplus-2.3.1-1.5.9-android-x86_64.jar;C:\Users\priya\.m2\repository\org\bytedeco\artoolkitplus\2.3.1-1.5.9\artoolkitplus-2.3.1-1.5.9-linux-arm64.jar;C:\Users\priya\.m2\repository\org\bytedeco\artoolkitplus\2.3.1-1.5.9\artoolkitplus-2.3.1-1.5.9-linux-armhf.jar;C:\Users\priya\.m2\repository\org\bytedeco\artoolkitplus\2.3.1-1.5.9\artoolkitplus-2.3.1-1.5.9-linux-ppc64le.jar;C:\Users\priya\.m2\repository\org\bytedeco\artoolkitplus\2.3.1-1.5.9\artoolkitplus-2.3.1-1.5.9-linux-x86.jar;C:\Users\priya\.m2\repository\org\bytedeco\artoolkitplus\2.3.1-1.5.9\artoolkitplus-2.3.1-1.5.9-linux-x86_64.jar;C:\Users\priya\.m2\repository\org\bytedeco\artoolkitplus\2.3.1-1.5.9\artoolkitplus-2.3.1-1.5.9-macosx-x86_64.jar;C:\Users\priya\.m2\repository\org\bytedeco\artoolkitplus\2.3.1-1.5.9\artoolkitplus-2.3.1-1.5.9-windows-x86.jar;C:\Users\priya\.m2\repository\org\bytedeco\artoolkitplus\2.3.1-1.5.9\artoolkitplus-2.3.1-1.5.9-windows-x86_64.jar;C:\Users\priya\.m2\repository\org\bytedeco\artoolkitplus\2.3.1-1.5.9\artoolkitplus-2.3.1-1.5.9.jar;C:\Users\priya\.m2\repository\org\bytedeco\artoolkitplus-platform\2.3.1-1.5.9\artoolkitplus-platform-2.3.1-1.5.9.jar;C:\Users\priya\.m2\repository\org\bytedeco\ffmpeg\6.1.1-1.5.10\ffmpeg-6.1.1-1.5.10-android-arm64.jar;C:\Users\priya\.m2\repository\org\bytedeco\ffmpeg\6.1.1-1.5.10\ffmpeg-6.1.1-1.5.10-android-x86_64.jar;C:\Users\priya\.m2\repository\org\bytedeco\ffmpeg\6.1.1-1.5.10\ffmpeg-6.1.1-1.5.10-linux-arm64.jar;C:\Users\priya\.m2\repository\org\bytedeco\ffmpeg\6.1.1-1.5.10\ffmpeg-6.1.1-1.5.10-linux-ppc64le.jar;C:\Users\priya\.m2\repository\org\bytedeco\ffmpeg\6.1.1-1.5.10\ffmpeg-6.1.1-1.5.10-linux-x86_64.jar;C:\Users\priya\.m2\repository\org\bytedeco\ffmpeg\6.1.1-1.5.10\ffmpeg-6.1.1-1.5.10-macosx-arm64.jar;C:\Users\priya\.m2\repository\org\bytedeco\ffmpeg\6.1.1-1.5.10\ffmpeg-6.1.1-1.5.10-macosx-x86_64.jar;C:\Users\priya\.m2\repository\org\bytedeco\ffmpeg\6.1.1-1.5.10\ffmpeg-6.1.1-1.5.10-windows-x86_64.jar;C:\Users\priya\.m2\repository\org\bytedeco\ffmpeg\6.1.1-1.5.10\ffmpeg-6.1.1-1.5.10.jar;C:\Users\priya\.m2\repository\org\bytedeco\ffmpeg-platform\6.1.1-1.5.10\ffmpeg-platform-6.1.1-1.5.10.jar;C:\Users\priya\.m2\repository\org\bytedeco\flycapture\2.13.3.31-1.5.9\flycapture-2.13.3.31-1.5.9-linux-arm64.jar;C:\Users\priya\.m2\repository\org\bytedeco\flycapture\2.13.3.31-1.5.9\flycapture-2.13.3.31-1.5.9-linux-armhf.jar;C:\Users\priya\.m2\repository\org\bytedeco\flycapture\2.13.3.31-1.5.9\flycapture-2.13.3.31-1.5.9-linux-x86.jar;C:\Users\priya\.m2\repository\org\bytedeco\flycapture\2.13.3.31-1.5.9\flycapture-2.13.3.31-1.5.9-linux-x86_64.jar;C:\Users\priya\.m2\repository\org\bytedeco\flycapture\2.13.3.31-1.5.9\flycapture-2.13.3.31-1.5.9-windows-x86.jar;C:\Users\priya\.m2\repository\org\bytedeco\flycapture\2.13.3.31-1.5.9\flycapture-2.13.3.31-1.5.9-windows-x86_64.jar;C:\Users\priya\.m2\repository\org\bytedeco\flycapture\2.13.3.31-1.5.9\flycapture-2.13.3.31-1.5.9.jar;C:\Users\priya\.m2\repository\org\bytedeco\flycapture-platform\2.13.3.31-1.5.9\flycapture-platform-2.13.3.31-1.5.9.jar;C:\Users\priya\.m2\repository\org\bytedeco\javacpp\1.5.10\javacpp-1.5.10-android-arm64.jar;C:\Users\priya\.m2\repository\org\bytedeco\javacpp\1.5.10\javacpp-1.5.10-android-x86_64.jar;C:\Users\priya\.m2\repository\org\bytedeco\javacpp\1.5.10\javacpp-1.5.10-ios-arm64.jar;C:\Users\priya\.m2\repository\org\bytedeco\javacpp\1.5.10\javacpp-1.5.10-ios-x86_64.jar;C:\Users\priya\.m2\repository\org\bytedeco\javacpp\1.5.10\javacpp-1.5.10-linux-arm64.jar;C:\Users\priya\.m2\repository\org\bytedeco\javacpp\1.5.10\javacpp-1.5.10-linux-ppc64le.jar;C:\Users\priya\.m2\repository\org\bytedeco\javacpp\1.5.10\javacpp-1.5.10-linux-x86_64.jar;C:\Users\priya\.m2\repository\org\bytedeco\javacpp\1.5.10\javacpp-1.5.10-macosx-arm64.jar;C:\Users\priya\.m2\repository\org\bytedeco\javacpp\1.5.10\javacpp-1.5.10-macosx-x86_64.jar;C:\Users\priya\.m2\repository\org\bytedeco\javacpp\1.5.10\javacpp-1.5.10-windows-x86_64.jar;C:\Users\priya\.m2\repository\org\bytedeco\javacpp\1.5.10\javacpp-1.5.10.jar;C:\Users\priya\.m2\repository\org\bytedeco\javacpp-platform\1.5.10\javacpp-platform-1.5.10.jar;C:\Users\priya\.m2\repository\org\bytedeco\javacv\1.5.10\javacv-1.5.10.jar;C:\Users\priya\.m2\repository\org\bytedeco\javacv-platform\1.5.10\javacv-platform-1.5.10.jar;C:\Users\priya\.m2\repository\org\bytedeco\leptonica\1.84.1-1.5.10\leptonica-1.84.1-1.5.10-android-arm64.jar;C:\Users\priya\.m2\repository\org\bytedeco\leptonica\1.84.1-1.5.10\leptonica-1.84.1-1.5.10-android-x86_64.jar;C:\Users\priya\.m2\repository\org\bytedeco\leptonica\1.84.1-1.5.10\leptonica-1.84.1-1.5.10-linux-arm64.jar;C:\Users\priya\.m2\repository\org\bytedeco\leptonica\1.84.1-1.5.10\leptonica-1.84.1-1.5.10-linux-ppc64le.jar;C:\Users\priya\.m2\repository\org\bytedeco\leptonica\1.84.1-1.5.10\leptonica-1.84.1-1.5.10-linux-x86_64.jar;C:\Users\priya\.m2\repository\org\bytedeco\leptonica\1.84.1-1.5.10\leptonica-1.84.1-1.5.10-macosx-arm64.jar;C:\Users\priya\.m2\repository\org\bytedeco\leptonica\1.84.1-1.5.10\leptonica-1.84.1-1.5.10-macosx-x86_64.jar;C:\Users\priya\.m2\repository\org\bytedeco\leptonica\1.84.1-1.5.10\leptonica-1.84.1-1.5.10-windows-x86_64.jar;C:\Users\priya\.m2\repository\org\bytedeco\leptonica\1.84.1-1.5.10\leptonica-1.84.1-1.5.10.jar;C:\Users\priya\.m2\repository\org\bytedeco\leptonica-platform\1.84.1-1.5.10\leptonica-platform-1.84.1-1.5.10.jar;C:\Users\priya\.m2\repository\org\bytedeco\libdc1394\2.2.6-1.5.9\libdc1394-2.2.6-1.5.9-linux-arm64.jar;C:\Users\priya\.m2\repository\org\bytedeco\libdc1394\2.2.6-1.5.9\libdc1394-2.2.6-1.5.9-linux-armhf.jar;C:\Users\priya\.m2\repository\org\bytedeco\libdc1394\2.2.6-1.5.9\libdc1394-2.2.6-1.5.9-linux-ppc64le.jar;C:\Users\priya\.m2\repository\org\bytedeco\libdc1394\2.2.6-1.5.9\libdc1394-2.2.6-1.5.9-linux-x86.jar;C:\Users\priya\.m2\repository\org\bytedeco\libdc1394\2.2.6-1.5.9\libdc1394-2.2.6-1.5.9-linux-x86_64.jar;C:\Users\priya\.m2\repository\org\bytedeco\libdc1394\2.2.6-1.5.9\libdc1394-2.2.6-1.5.9-macosx-x86_64.jar;C:\Users\priya\.m2\repository\org\bytedeco\libdc1394\2.2.6-1.5.9\libdc1394-2.2.6-1.5.9-windows-x86.jar;C:\Users\priya\.m2\repository\org\bytedeco\libdc1394\2.2.6-1.5.9\libdc1394-2.2.6-1.5.9-windows-x86_64.jar;C:\Users\priya\.m2\repository\org\bytedeco\libdc1394\2.2.6-1.5.9\libdc1394-2.2.6-1.5.9.jar;C:\Users\priya\.m2\repository\org\bytedeco\libdc1394-platform\2.2.6-1.5.9\libdc1394-platform-2.2.6-1.5.9.jar;C:\Users\priya\.m2\repository\org\bytedeco\libfreenect\0.5.7-1.5.9\libfreenect-0.5.7-1.5.9-linux-arm64.jar;C:\Users\priya\.m2\repository\org\bytedeco\libfreenect\0.5.7-1.5.9\libfreenect-0.5.7-1.5.9-linux-armhf.jar;C:\Users\priya\.m2\repository\org\bytedeco\libfreenect\0.5.7-1.5.9\libfreenect-0.5.7-1.5.9-linux-ppc64le.jar;C:\Users\priya\.m2\repository\org\bytedeco\libfreenect\0.5.7-1.5.9\libfreenect-0.5.7-1.5.9-linux-x86.jar;C:\Users\priya\.m2\repository\org\bytedeco\libfreenect\0.5.7-1.5.9\libfreenect-0.5.7-1.5.9-linux-x86_64.jar;C:\Users\priya\.m2\repository\org\bytedeco\libfreenect\0.5.7-1.5.9\libfreenect-0.5.7-1.5.9-macosx-x86_64.jar;C:\Users\priya\.m2\repository\org\bytedeco\libfreenect\0.5.7-1.5.9\libfreenect-0.5.7-1.5.9-windows-x86.jar;C:\Users\priya\.m2\repository\org\bytedeco\libfreenect\0.5.7-1.5.9\libfreenect-0.5.7-1.5.9-windows-x86_64.jar;C:\Users\priya\.m2\repository\org\bytedeco\libfreenect\0.5.7-1.5.9\libfreenect-0.5.7-1.5.9.jar;C:\Users\priya\.m2\repository\org\bytedeco\libfreenect-platform\0.5.7-1.5.9\libfreenect-platform-0.5.7-1.5.9.jar;C:\Users\priya\.m2\repository\org\bytedeco\libfreenect2\0.2.0-1.5.9\libfreenect2-0.2.0-1.5.9-linux-x86.jar;C:\Users\priya\.m2\repository\org\bytedeco\libfreenect2\0.2.0-1.5.9\libfreenect2-0.2.0-1.5.9-linux-x86_64.jar;C:\Users\priya\.m2\repository\org\bytedeco\libfreenect2\0.2.0-1.5.9\libfreenect2-0.2.0-1.5.9-macosx-x86_64.jar;C:\Users\priya\.m2\repository\org\bytedeco\libfreenect2\0.2.0-1.5.9\libfreenect2-0.2.0-1.5.9-windows-x86_64.jar;C:\Users\priya\.m2\repository\org\bytedeco\libfreenect2\0.2.0-1.5.9\libfreenect2-0.2.0-1.5.9.jar;C:\Users\priya\.m2\repository\org\bytedeco\libfreenect2-platform\0.2.0-1.5.9\libfreenect2-platform-0.2.0-1.5.9.jar;C:\Users\priya\.m2\repository\org\bytedeco\librealsense\1.12.4-1.5.9\librealsense-1.12.4-1.5.9-linux-arm64.jar;C:\Users\priya\.m2\repository\org\bytedeco\librealsense\1.12.4-1.5.9\librealsense-1.12.4-1.5.9-linux-armhf.jar;C:\Users\priya\.m2\repository\org\bytedeco\librealsense\1.12.4-1.5.9\librealsense-1.12.4-1.5.9-linux-x86.jar;C:\Users\priya\.m2\repository\org\bytedeco\librealsense\1.12.4-1.5.9\librealsense-1.12.4-1.5.9-linux-x86_64.jar;C:\Users\priya\.m2\repository\org\bytedeco\librealsense\1.12.4-1.5.9\librealsense-1.12.4-1.5.9-macosx-x86_64.jar;C:\Users\priya\.m2\repository\org\bytedeco\librealsense\1.12.4-1.5.9\librealsense-1.12.4-1.5.9-windows-x86.jar;C:\Users\priya\.m2\repository\org\bytedeco\librealsense\1.12.4-1.5.9\librealsense-1.12.4-1.5.9-windows-x86_64.jar;C:\Users\priya\.m2\repository\org\bytedeco\librealsense\1.12.4-1.5.9\librealsense-1.12.4-1.5.9.jar;C:\Users\priya\.m2\repository\org\bytedeco\librealsense-platform\1.12.4-1.5.9\librealsense-platform-1.12.4-1.5.9.jar;C:\Users\priya\.m2\repository\org\bytedeco\librealsense2\2.53.1-1.5.9\librealsense2-2.53.1-1.5.9-linux-arm64.jar;C:\Users\priya\.m2\repository\org\bytedeco\librealsense2\2.53.1-1.5.9\librealsense2-2.53.1-1.5.9-linux-armhf.jar;C:\Users\priya\.m2\repository\org\bytedeco\librealsense2\2.53.1-1.5.9\librealsense2-2.53.1-1.5.9-linux-x86.jar;C:\Users\priya\.m2\repository\org\bytedeco\librealsense2\2.53.1-1.5.9\librealsense2-2.53.1-1.5.9-linux-x86_64.jar;C:\Users\priya\.m2\repository\org\bytedeco\librealsense2\2.53.1-1.5.9\librealsense2-2.53.1-1.5.9-macosx-x86_64.jar;C:\Users\priya\.m2\repository\org\bytedeco\librealsense2\2.53.1-1.5.9\librealsense2-2.53.1-1.5.9-windows-x86.jar;C:\Users\priya\.m2\repository\org\bytedeco\librealsense2\2.53.1-1.5.9\librealsense2-2.53.1-1.5.9-windows-x86_64.jar;C:\Users\priya\.m2\repository\org\bytedeco\librealsense2\2.53.1-1.5.9\librealsense2-2.53.1-1.5.9.jar;C:\Users\priya\.m2\repository\org\bytedeco\librealsense2-platform\2.53.1-1.5.9\librealsense2-platform-2.53.1-1.5.9.jar;C:\Users\priya\.m2\repository\org\bytedeco\openblas\0.3.26-1.5.10\openblas-0.3.26-1.5.10-android-arm64.jar;C:\Users\priya\.m2\repository\org\bytedeco\openblas\0.3.26-1.5.10\openblas-0.3.26-1.5.10-android-x86_64.jar;C:\Users\priya\.m2\repository\org\bytedeco\openblas\0.3.26-1.5.10\openblas-0.3.26-1.5.10-ios-arm64.jar;C:\Users\priya\.m2\repository\org\bytedeco\openblas\0.3.26-1.5.10\openblas-0.3.26-1.5.10-ios-x86_64.jar;C:\Users\priya\.m2\repository\org\bytedeco\openblas\0.3.26-1.5.10\openblas-0.3.26-1.5.10-linux-arm64.jar;C:\Users\priya\.m2\repository\org\bytedeco\openblas\0.3.26-1.5.10\openblas-0.3.26-1.5.10-linux-ppc64le.jar;C:\Users\priya\.m2\repository\org\bytedeco\openblas\0.3.26-1.5.10\openblas-0.3.26-1.5.10-linux-x86_64.jar;C:\Users\priya\.m2\repository\org\bytedeco\openblas\0.3.26-1.5.10\openblas-0.3.26-1.5.10-macosx-arm64.jar;C:\Users\priya\.m2\repository\org\bytedeco\openblas\0.3.26-1.5.10\openblas-0.3.26-1.5.10-macosx-x86_64.jar;C:\Users\priya\.m2\repository\org\bytedeco\openblas\0.3.26-1.5.10\openblas-0.3.26-1.5.10-windows-x86_64.jar;C:\Users\priya\.m2\repository\org\bytedeco\openblas\0.3.26-1.5.10\openblas-0.3.26-1.5.10.jar;C:\Users\priya\.m2\repository\org\bytedeco\openblas-platform\0.3.26-1.5.10\openblas-platform-0.3.26-1.5.10.jar;C:\Users\priya\.m2\repository\org\bytedeco\opencv\4.9.0-1.5.10\opencv-4.9.0-1.5.10-android-arm64.jar;C:\Users\priya\.m2\repository\org\bytedeco\opencv\4.9.0-1.5.10\opencv-4.9.0-1.5.10-android-x86_64.jar;C:\Users\priya\.m2\repository\org\bytedeco\opencv\4.9.0-1.5.10\opencv-4.9.0-1.5.10-ios-arm64.jar;C:\Users\priya\.m2\repository\org\bytedeco\opencv\4.9.0-1.5.10\opencv-4.9.0-1.5.10-ios-x86_64.jar;C:\Users\priya\.m2\repository\org\bytedeco\opencv\4.9.0-1.5.10\opencv-4.9.0-1.5.10-linux-arm64.jar;C:\Users\priya\.m2\repository\org\bytedeco\opencv\4.9.0-1.5.10\opencv-4.9.0-1.5.10-linux-ppc64le.jar;C:\Users\priya\.m2\repository\org\bytedeco\opencv\4.9.0-1.5.10\opencv-4.9.0-1.5.10-linux-x86_64.jar;C:\Users\priya\.m2\repository\org\bytedeco\opencv\4.9.0-1.5.10\opencv-4.9.0-1.5.10-macosx-arm64.jar;C:\Users\priya\.m2\repository\org\bytedeco\opencv\4.9.0-1.5.10\opencv-4.9.0-1.5.10-macosx-x86_64.jar;C:\Users\priya\.m2\repository\org\bytedeco\opencv\4.9.0-1.5.10\opencv-4.9.0-1.5.10-windows-x86_64.jar;C:\Users\priya\.m2\repository\org\bytedeco\opencv\4.9.0-1.5.10\opencv-4.9.0-1.5.10.jar;C:\Users\priya\.m2\repository\org\bytedeco\opencv-platform\4.9.0-1.5.10\opencv-platform-4.9.0-1.5.10.jar;C:\Users\priya\.m2\repository\org\bytedeco\tesseract\5.3.4-1.5.10\tesseract-5.3.4-1.5.10-android-arm64.jar;C:\Users\priya\.m2\repository\org\bytedeco\tesseract\5.3.4-1.5.10\tesseract-5.3.4-1.5.10-android-x86_64.jar;C:\Users\priya\.m2\repository\org\bytedeco\tesseract\5.3.4-1.5.10\tesseract-5.3.4-1.5.10-linux-arm64.jar;C:\Users\priya\.m2\repository\org\bytedeco\tesseract\5.3.4-1.5.10\tesseract-5.3.4-1.5.10-linux-ppc64le.jar;C:\Users\priya\.m2\repository\org\bytedeco\tesseract\5.3.4-1.5.10\tesseract-5.3.4-1.5.10-linux-x86_64.jar;C:\Users\priya\.m2\repository\org\bytedeco\tesseract\5.3.4-1.5.10\tesseract-5.3.4-1.5.10-macosx-arm64.jar;C:\Users\priya\.m2\repository\org\bytedeco\tesseract\5.3.4-1.5.10\tesseract-5.3.4-1.5.10-macosx-x86_64.jar;C:\Users\priya\.m2\repository\org\bytedeco\tesseract\5.3.4-1.5.10\tesseract-5.3.4-1.5.10-windows-x86_64.jar;C:\Users\priya\.m2\repository\org\bytedeco\tesseract\5.3.4-1.5.10\tesseract-5.3.4-1.5.10.jar;C:\Users\priya\.m2\repository\org\bytedeco\tesseract-platform\5.3.4-1.5.10\tesseract-platform-5.3.4-1.5.10.jar;C:\Users\priya\.m2\repository\org\bytedeco\videoinput\0.200-1.5.9\videoinput-0.200-1.5.9-windows-x86.jar;C:\Users\priya\.m2\repository\org\bytedeco\videoinput\0.200-1.5.9\videoinput-0.200-1.5.9-windows-x86_64.jar;C:\Users\priya\.m2\repository\org\bytedeco\videoinput\0.200-1.5.9\videoinput-0.200-1.5.9.jar;C:\Users\priya\.m2\repository\org\bytedeco\videoinput-platform\0.200-1.5.9\videoinput-platform-0.200-1.5.9.jar;C:\Users\priya\.m2\repository\org\mindrot\jbcrypt\0.4\jbcrypt-0.4.jar;C:\Users\priya\.m2\repository\org\reactivestreams\reactive-streams\1.0.4\reactive-streams-1.0.4.jar;C:\Users\priya\.m2\repository\org\slf4j\slf4j-api\1.7.36\slf4j-api-1.7.36.jar;C:\Users\priya\.m2\repository\org\slf4j\slf4j-simple\2.0.9\slf4j-simple-2.0.9.jar;C:\Users\priya\.m2\repository\software\amazon\awssdk\annotations\2.25.61\annotations-2.25.61.jar;C:\Users\priya\.m2\repository\software\amazon\awssdk\apache-client\2.25.61\apache-client-2.25.61.jar;C:\Users\priya\.m2\repository\software\amazon\awssdk\auth\2.25.61\auth-2.25.61.jar;C:\Users\priya\.m2\repository\software\amazon\awssdk\aws-core\2.25.61\aws-core-2.25.61.jar;C:\Users\priya\.m2\repository\software\amazon\awssdk\aws-json-protocol\2.25.61\aws-json-protocol-2.25.61.jar;C:\Users\priya\.m2\repository\software\amazon\awssdk\checksums\2.25.61\checksums-2.25.61.jar;C:\Users\priya\.m2\repository\software\amazon\awssdk\checksums-spi\2.25.61\checksums-spi-2.25.61.jar;C:\Users\priya\.m2\repository\software\amazon\awssdk\endpoints-spi\2.25.61\endpoints-spi-2.25.61.jar;C:\Users\priya\.m2\repository\software\amazon\awssdk\http-auth\2.25.61\http-auth-2.25.61.jar;C:\Users\priya\.m2\repository\software\amazon\awssdk\http-auth-aws\2.25.61\http-auth-aws-2.25.61.jar;C:\Users\priya\.m2\repository\software\amazon\awssdk\http-auth-spi\2.25.61\http-auth-spi-2.25.61.jar;C:\Users\priya\.m2\repository\software\amazon\awssdk\http-client-spi\2.25.61\http-client-spi-2.25.61.jar;C:\Users\priya\.m2\repository\software\amazon\awssdk\identity-spi\2.25.61\identity-spi-2.25.61.jar;C:\Users\priya\.m2\repository\software\amazon\awssdk\json-utils\2.25.61\json-utils-2.25.61.jar;C:\Users\priya\.m2\repository\software\amazon\awssdk\metrics-spi\2.25.61\metrics-spi-2.25.61.jar;C:\Users\priya\.m2\repository\software\amazon\awssdk\netty-nio-client\2.25.61\netty-nio-client-2.25.61.jar;C:\Users\priya\.m2\repository\software\amazon\awssdk\profiles\2.25.61\profiles-2.25.61.jar;C:\Users\priya\.m2\repository\software\amazon\awssdk\protocol-core\2.25.61\protocol-core-2.25.61.jar;C:\Users\priya\.m2\repository\software\amazon\awssdk\regions\2.25.61\regions-2.25.61.jar;C:\Users\priya\.m2\repository\software\amazon\awssdk\rekognition\2.25.61\rekognition-2.25.61.jar;C:\Users\priya\.m2\repository\software\amazon\awssdk\sdk-core\2.25.61\sdk-core-2.25.61.jar;C:\Users\priya\.m2\repository\software\amazon\awssdk\third-party-jackson-core\2.25.61\third-party-jackson-core-2.25.61.jar;C:\Users\priya\.m2\repository\software\amazon\awssdk\utils\2.25.61\utils-2.25.61.jar;C:\Users\priya\.m2\repository\software\amazon\eventstream\eventstream\1.0.1\eventstream-1.0.1.jar
Launcher Type: SUN_STANDARD

[Global flags]
     intx CICompilerCount                          = 12                                        {product} {ergonomic}
     uint ConcGCThreads                            = 3                                         {product} {ergonomic}
     uint G1ConcRefinementThreads                  = 13                                        {product} {ergonomic}
   size_t G1HeapRegionSize                         = 1048576                                   {product} {ergonomic}
   size_t InitialHeapSize                          = 130023424                                 {product} {ergonomic}
   size_t MarkStackSize                            = 4194304                                   {product} {ergonomic}
   size_t MarkStackSizeMax                         = 536870912                                 {product} {ergonomic}
   size_t MaxHeapSize                              = 2065694720                                {product} {ergonomic}
   size_t MaxNewSize                               = 1239416832                                {product} {ergonomic}
   size_t MinHeapDeltaBytes                        = 1048576                                   {product} {ergonomic}
   size_t MinHeapSize                              = 8388608                                   {product} {ergonomic}
    uintx NonNMethodCodeHeapSize                   = 7602176                                {pd product} {ergonomic}
    uintx NonProfiledCodeHeapSize                  = 122093568                              {pd product} {ergonomic}
    uintx ProfiledCodeHeapSize                     = 121962496                              {pd product} {ergonomic}
    uintx ReservedCodeCacheSize                    = 251658240                              {pd product} {ergonomic}
     bool SegmentedCodeCache                       = true                                      {product} {ergonomic}
   size_t SoftMaxHeapSize                          = 2065694720                             {manageable} {ergonomic}
     bool UseCompressedOops                        = true                           {product lp64_product} {ergonomic}
     bool UseG1GC                                  = true                                      {product} {ergonomic}
     bool UseLargePagesIndividualAllocation        = false                                  {pd product} {ergonomic}

Logging:
Log output configuration:
 #0: stdout all=warning uptime,level,tags foldmultilines=false
 #1: stderr all=off uptime,level,tags foldmultilines=false

Environment Variables:
PATH=C:\Program Files\Common Files\Oracle\Java\javapath;C:\WINDOWS\system32;C:\WINDOWS;C:\WINDOWS\System32\Wbem;C:\WINDOWS\System32\WindowsPowerShell\v1.0\;C:\WINDOWS\System32\OpenSSH\;C:\Program Files\dotnet\;C:\Program Files (x86)\NVIDIA Corporation\PhysX\Common;C:\Program Files\NVIDIA Corporation\NVIDIA NvDLISR;C:\Program Files\Java\jdk-24\bin;C:\mingw-w64\mingw64\bin;C:\Program Files\nodejs\;C:\ProgramData\chocolatey\bin;C:\Program Files\Git\cmd;C:\Program Files\apache-maven-3.9.11\bin;C:\Program Files\Amazon\AWSCLIV2\;C:\Users\priya\AppData\Local\Programs\Python\Python313\Scripts\;C:\Users\priya\AppData\Local\Programs\Python\Python313\;C:\Users\priya\AppData\Local\Programs\Python\Launcher\;C:\Users\priya\AppData\Local\Microsoft\WindowsApps;C:\Users\priya\AppData\Local\GitHubDesktop\bin;C:\MinGW\bin;C:\Program Files\JetBrains\IntelliJ IDEA Community Edition 2025.2\bin;C:\Users\priya\AppData\Local\Programs\Microsoft VS Code Insiders\bin;C:\Users\priya\AppData\Roaming\npm
USERNAME=priya
OS=Windows_NT
PROCESSOR_IDENTIFIER=Intel64 Family 6 Model 183 Stepping 1, GenuineIntel
TMP=C:\Users\priya\AppData\Local\Temp
TEMP=C:\Users\priya\AppData\Local\Temp




Periodic native trim disabled

---------------  S Y S T E M  ---------------

OS:
 Windows 11 , 64 bit Build 26100 (10.0.26100.6725)
OS uptime: 3 days 1:47 hours
Hyper-V role detected

CPU: total 16 (initial active 16) (8 cores per cpu, 2 threads per core) family 6 model 183 stepping 1 microcode 0x12f, cx8, cmov, fxsr, ht, mmx, 3dnowpref, sse, sse2, sse3, ssse3, sse4.1, sse4.2, popcnt, lzcnt, tsc, tscinvbit, avx, avx2, aes, erms, clmul, bmi1, bmi2, adx, sha, fma, vzeroupper, clflush, clflushopt, clwb, hv, serialize, rdtscp, rdpid, fsrm, gfni, f16c, cet_ibt, cet_ss
Processor Information for the first 16 processors :
  Max Mhz: 2400, Current Mhz: 2400, Mhz Limit: 2400

Memory: 4k page, system-wide physical 7876M (887M free)
TotalPageFile size 32452M (AvailPageFile size 2M)
current process WorkingSet (physical memory assigned to process): 99M, peak: 491M
current process commit charge ("private bytes"): 4425M, peak: 4507M

vm_info: Java HotSpot(TM) 64-Bit Server VM (24.0.2+12-54) for windows-amd64 JRE (24.0.2+12-54), built on 2025-07-08T12:10:27Z with MS VC++ 17.6 (VS2022)

END.
